#-----------------------------------------------------------
# Vivado v2023.1 (64-bit)
# SW Build 3865809 on Sun May  7 15:05:29 MDT 2023
# IP Build 3864474 on Sun May  7 20:36:21 MDT 2023
# SharedData Build 3865790 on Sun May 07 13:33:03 MDT 2023
# Start of session at: Mon Dec  4 16:15:22 2023
# Process ID: 13032
# Current directory: C:/Users/edgar.rincon/Documents/DUNE/Github/DAPHNE_V1/daphne_v1
# Command line: vivado.exe -gui_launcher_event rodinguilauncherevent3884 C:\Users\edgar.rincon\Documents\DUNE\Github\DAPHNE_V1\daphne_v1\daphne_v1.xpr
# Log file: C:/Users/edgar.rincon/Documents/DUNE/Github/DAPHNE_V1/daphne_v1/vivado.log
# Journal file: C:/Users/edgar.rincon/Documents/DUNE/Github/DAPHNE_V1/daphne_v1\vivado.jou
# Running On: EDGARRINCON, OS: Windows, CPU Frequency: 2712 MHz, CPU Physical cores: 6, Host memory: 33942 MB
#-----------------------------------------------------------
start_gui
open_project C:/Users/edgar.rincon/Documents/DUNE/Github/DAPHNE_V1/daphne_v1/daphne_v1.xpr
update_compile_order -fileset sources_1
update_compile_order -fileset sources_1
update_compile_order -fileset sources_1
reset_run synth_1
update_compile_order -fileset sources_1
close_project
create_project AlignFSM_tb C:/Users/edgar.rincon/Documents/DUNE/Github/Unitary_simulations/Align_bit_frame_FSM_simulation -part xc7a200tsbg484-2
add_files -norecurse -scan_for_includes C:/Users/edgar.rincon/Documents/DUNE/Github/Unitary_simulations/Align_bit_frame_FSM_simulation/AlignFSM.vhd
update_compile_order -fileset sources_1
file mkdir C:/Users/edgar.rincon/Documents/DUNE/Github/Unitary_simulations/Align_bit_frame_FSM_simulation/AlignFSM_tb.srcs/sources_1/new
close [ open C:/Users/edgar.rincon/Documents/DUNE/Github/Unitary_simulations/Align_bit_frame_FSM_simulation/AlignFSM_tb.srcs/sources_1/new/AlignFSM_tb.vhd w ]
add_files C:/Users/edgar.rincon/Documents/DUNE/Github/Unitary_simulations/Align_bit_frame_FSM_simulation/AlignFSM_tb.srcs/sources_1/new/AlignFSM_tb.vhd
update_compile_order -fileset sources_1
update_compile_order -fileset sources_1
launch_runs synth_1 -jobs 6
wait_on_run synth_1
reset_run synth_1
launch_runs synth_1 -jobs 6
wait_on_run synth_1
reset_run synth_1
launch_runs synth_1 -jobs 6
wait_on_run synth_1
launch_simulation
source AlignFSM_tb.tcl
restart
run all
restart
run 10 ns
run 10 ns
run 10 ns
run 10 ns
run 10 ns
run 10 ns
run 10 ns
run 10 ns
run 10 ns
run 10 ns
run 10 ns
run 10 ns
run 10 ns
run 10 ns
run 10 ns
run 10 ns
run 10 ns
run 10 ns
run 10 ns
run 10 ns
run 10 ns
reset_run synth_1
launch_runs synth_1 -jobs 6
wait_on_run synth_1
close_sim
launch_simulation
source AlignFSM_tb.tcl
reset_run synth_1
launch_runs synth_1 -jobs 6
wait_on_run synth_1
close_sim
launch_simulation
launch_simulation
source AlignFSM_tb.tcl
close_sim
launch_simulation
reset_run synth_1
launch_runs synth_1 -jobs 6
wait_on_run synth_1
reset_run synth_1
launch_runs synth_1 -jobs 6
wait_on_run synth_1
launch_simulation
source AlignFSM_tb.tcl
close_sim
launch_simulation
source AlignFSM_tb.tcl
reset_run synth_1
launch_runs synth_1 -jobs 6
wait_on_run synth_1
close_sim
launch_simulation
source AlignFSM_tb.tcl
reset_run synth_1
launch_runs synth_1 -jobs 12
wait_on_run synth_1
close_sim
launch_simulation -mode post-synthesis -type functional
source AlignFSM_tb.tcl
run 10 ns
run 10 ns
run 10 ns
run 10 ns
close_sim
launch_simulation
source AlignFSM_tb.tcl
reset_run synth_1
launch_runs synth_1 -jobs 12
wait_on_run synth_1
close_sim
launch_simulation
source AlignFSM_tb.tcl
reset_run synth_1
launch_runs synth_1 -jobs 12
wait_on_run synth_1
close_sim
close_design
launch_simulation
source AlignFSM_tb.tcl
reset_run synth_1
launch_runs synth_1 -jobs 12
wait_on_run synth_1
close_sim
launch_simulation
source AlignFSM_tb.tcl
close_sim
reset_run synth_1
launch_runs synth_1 -jobs 12
wait_on_run synth_1
launch_simulation
source AlignFSM_tb.tcl
close_sim
reset_run synth_1
launch_runs synth_1 -jobs 12
wait_on_run synth_1
launch_simulation
source AlignFSM_tb.tcl
close_sim
reset_run synth_1
launch_runs synth_1 -jobs 12
wait_on_run synth_1
launch_simulation
source AlignFSM_tb.tcl
close_sim
reset_run synth_1
launch_runs synth_1 -jobs 12
wait_on_run synth_1
launch_simulation
source AlignFSM_tb.tcl
close_sim
reset_run synth_1
launch_runs synth_1 -jobs 12
wait_on_run synth_1
launch_simulation
source AlignFSM_tb.tcl
close_sim
reset_run synth_1
launch_runs synth_1 -jobs 12
wait_on_run synth_1
launch_simulation
source AlignFSM_tb.tcl
close_sim
reset_run synth_1
launch_runs synth_1 -jobs 12
wait_on_run synth_1
launch_simulation
source AlignFSM_tb.tcl
close_sim
reset_run synth_1
launch_runs synth_1 -jobs 12
wait_on_run synth_1
launch_simulation
source AlignFSM_tb.tcl
close_sim
reset_run synth_1
launch_runs synth_1 -jobs 12
wait_on_run synth_1
launch_simulation
source AlignFSM_tb.tcl
close_sim
reset_run synth_1
launch_runs synth_1 -jobs 12
wait_on_run synth_1
launch_simulation
source AlignFSM_tb.tcl
close_sim
reset_run synth_1
launch_runs synth_1 -jobs 12
wait_on_run synth_1
launch_simulation
source AlignFSM_tb.tcl
close_sim
reset_run synth_1
launch_runs synth_1 -jobs 12
wait_on_run synth_1
launch_simulation
source AlignFSM_tb.tcl
close_sim
reset_run synth_1
launch_runs synth_1 -jobs 12
wait_on_run synth_1
launch_simulation
source AlignFSM_tb.tcl
close_sim
reset_run synth_1
launch_runs synth_1 -jobs 12
wait_on_run synth_1
launch_simulation
source AlignFSM_tb.tcl
close_sim
reset_run synth_1
launch_runs synth_1 -jobs 12
wait_on_run synth_1
launch_simulation
source AlignFSM_tb.tcl
close_sim
reset_run synth_1
launch_runs synth_1 -jobs 12
wait_on_run synth_1
launch_simulation
source AlignFSM_tb.tcl
reset_run synth_1
launch_runs synth_1 -jobs 12
wait_on_run synth_1
close_sim
launch_simulation
source AlignFSM_tb.tcl
close_sim
reset_run synth_1
launch_runs synth_1 -jobs 12
wait_on_run synth_1
launch_simulation
source AlignFSM_tb.tcl
reset_run synth_1
launch_runs synth_1 -jobs 12
wait_on_run synth_1
close_sim
launch_simulation
source AlignFSM_tb.tcl
close_sim
reset_run synth_1
launch_runs synth_1 -jobs 12
wait_on_run synth_1
launch_simulation
source AlignFSM_tb.tcl
close_sim
reset_run synth_1
launch_runs synth_1 -jobs 12
wait_on_run synth_1
launch_simulation
source AlignFSM_tb.tcl
close_sim
reset_run synth_1
launch_runs synth_1 -jobs 12
wait_on_run synth_1
launch_simulation
source AlignFSM_tb.tcl
close_sim
close_project
open_project C:/Users/edgar.rincon/Documents/DUNE/Github/DAPHNE_V1/daphne_v1/daphne_v1.xpr
update_compile_order -fileset sources_1
launch_runs impl_1 -to_step write_bitstream -jobs 12
wait_on_run impl_1
set_property is_enabled true [get_files  C:/Users/edgar.rincon/Documents/DUNE/Github/DAPHNE_V1/daphne_v1/daphne_v1.srcs/sources_1/new/Self-trigger_VHDL.vhd]
update_compile_order -fileset sources_1
reset_run impl_1 -prev_step 
set_property is_enabled false [get_files  C:/Users/edgar.rincon/Documents/DUNE/Github/DAPHNE_V1/daphne_v1/daphne_v1.srcs/sources_1/new/neural_network.vhd]
update_compile_order -fileset sources_1
reset_run synth_1
launch_runs impl_1 -to_step write_bitstream -jobs 12
wait_on_run impl_1
open_hw_manager
connect_hw_server -allow_non_jtag
open_hw_target
set_property PROGRAM.FILE {C:/Users/edgar.rincon/Documents/DUNE/Github/DAPHNE_V1/daphne_v1/daphne_v1.runs/impl_1/daphne1.bit} [get_hw_devices xc7a200t_0]
current_hw_device [get_hw_devices xc7a200t_0]
refresh_hw_device -update_hw_probes false [lindex [get_hw_devices xc7a200t_0] 0]
set_property PROBES.FILE {} [get_hw_devices xc7a200t_0]
set_property FULL_PROBES.FILE {} [get_hw_devices xc7a200t_0]
set_property PROGRAM.FILE {C:/Users/edgar.rincon/Documents/DUNE/Github/DAPHNE_V1/daphne_v1/daphne_v1.runs/impl_1/daphne1.bit} [get_hw_devices xc7a200t_0]
program_hw_devices [get_hw_devices xc7a200t_0]
refresh_hw_device [lindex [get_hw_devices xc7a200t_0] 0]
close_hw_manager
reset_run synth_1
launch_runs impl_1 -to_step write_bitstream -jobs 12
wait_on_run impl_1
open_hw_manager
connect_hw_server -allow_non_jtag
open_hw_target
set_property PROGRAM.FILE {C:/Users/edgar.rincon/Documents/DUNE/Github/DAPHNE_V1/daphne_v1/daphne_v1.runs/impl_1/daphne1.bit} [get_hw_devices xc7a200t_0]
current_hw_device [get_hw_devices xc7a200t_0]
refresh_hw_device -update_hw_probes false [lindex [get_hw_devices xc7a200t_0] 0]
set_property PROBES.FILE {} [get_hw_devices xc7a200t_0]
set_property FULL_PROBES.FILE {} [get_hw_devices xc7a200t_0]
set_property PROGRAM.FILE {C:/Users/edgar.rincon/Documents/DUNE/Github/DAPHNE_V1/daphne_v1/daphne_v1.runs/impl_1/daphne1.bit} [get_hw_devices xc7a200t_0]
program_hw_devices [get_hw_devices xc7a200t_0]
refresh_hw_device [lindex [get_hw_devices xc7a200t_0] 0]
set_property PROBES.FILE {} [get_hw_devices xc7a200t_0]
set_property FULL_PROBES.FILE {} [get_hw_devices xc7a200t_0]
set_property PROGRAM.FILE {C:/Users/edgar.rincon/Documents/DUNE/Github/DAPHNE_V1/daphne_v1/daphne_v1.runs/impl_1/daphne1.bit} [get_hw_devices xc7a200t_0]
program_hw_devices [get_hw_devices xc7a200t_0]
refresh_hw_device [lindex [get_hw_devices xc7a200t_0] 0]
set_property PROBES.FILE {} [get_hw_devices xc7a200t_0]
set_property FULL_PROBES.FILE {} [get_hw_devices xc7a200t_0]
set_property PROGRAM.FILE {C:/Users/edgar.rincon/Documents/DUNE/Github/DAPHNE_V1/daphne_v1/daphne_v1.runs/impl_1/daphne1.bit} [get_hw_devices xc7a200t_0]
program_hw_devices [get_hw_devices xc7a200t_0]
refresh_hw_device [lindex [get_hw_devices xc7a200t_0] 0]
reset_run synth_1
launch_runs impl_1 -to_step write_bitstream -jobs 12
wait_on_run impl_1
set_property PROBES.FILE {} [get_hw_devices xc7a200t_0]
set_property FULL_PROBES.FILE {} [get_hw_devices xc7a200t_0]
set_property PROGRAM.FILE {C:/Users/edgar.rincon/Documents/DUNE/Github/DAPHNE_V1/daphne_v1/daphne_v1.runs/impl_1/daphne1.bit} [get_hw_devices xc7a200t_0]
program_hw_devices [get_hw_devices xc7a200t_0]
refresh_hw_device [lindex [get_hw_devices xc7a200t_0] 0]
reset_run synth_1
launch_runs impl_1 -to_step write_bitstream -jobs 12
wait_on_run impl_1
set_property PROBES.FILE {} [get_hw_devices xc7a200t_0]
set_property FULL_PROBES.FILE {} [get_hw_devices xc7a200t_0]
set_property PROGRAM.FILE {C:/Users/edgar.rincon/Documents/DUNE/Github/DAPHNE_V1/daphne_v1/daphne_v1.runs/impl_1/daphne1.bit} [get_hw_devices xc7a200t_0]
program_hw_devices [get_hw_devices xc7a200t_0]
refresh_hw_device [lindex [get_hw_devices xc7a200t_0] 0]
set_property PROBES.FILE {} [get_hw_devices xc7a200t_0]
set_property FULL_PROBES.FILE {} [get_hw_devices xc7a200t_0]
set_property PROGRAM.FILE {C:/Users/edgar.rincon/Documents/DUNE/Github/DAPHNE_V1/daphne_v1/daphne_v1.runs/impl_1/daphne1.bit} [get_hw_devices xc7a200t_0]
program_hw_devices [get_hw_devices xc7a200t_0]
refresh_hw_device [lindex [get_hw_devices xc7a200t_0] 0]
close_hw_manager
set_property is_enabled false [get_files  C:/Users/edgar.rincon/Documents/DUNE/Github/DAPHNE_V1/daphne_v1/daphne_v1.srcs/sources_1/new/Self-trigger_VHDL.vhd]
add_files -norecurse -scan_for_includes C:/Users/edgar.rincon/Documents/DUNE/Github/DAPHNE_V1/daphne_v1/daphne_v1.srcs/sources_1/new/trigger_matching_filters.vhd
update_compile_order -fileset sources_1
update_compile_order -fileset sources_1
update_compile_order -fileset sources_1
