#-----------------------------------------------------------
# Vivado v2023.1 (64-bit)
# SW Build 3865809 on Sun May  7 15:05:29 MDT 2023
# IP Build 3864474 on Sun May  7 20:36:21 MDT 2023
# SharedData Build 3865790 on Sun May 07 13:33:03 MDT 2023
# Start of session at: Mon Mar 18 11:27:14 2024
# Process ID: 9396
# Current directory: C:/Users/daniel.avila.EIA/Documents/GitHub/DAPHNE_V1/daphne_v1
# Command line: vivado.exe -gui_launcher_event rodinguilauncherevent8096 C:\Users\daniel.avila.EIA\Documents\GitHub\DAPHNE_V1\daphne_v1\daphne_v1.xpr
# Log file: C:/Users/daniel.avila.EIA/Documents/GitHub/DAPHNE_V1/daphne_v1/vivado.log
# Journal file: C:/Users/daniel.avila.EIA/Documents/GitHub/DAPHNE_V1/daphne_v1\vivado.jou
# Running On: danielA, OS: Windows, CPU Frequency: 2712 MHz, CPU Physical cores: 6, Host memory: 33942 MB
#-----------------------------------------------------------
start_gui
open_project C:/Users/daniel.avila.EIA/Documents/GitHub/DAPHNE_V1/daphne_v1/daphne_v1.xpr
update_compile_order -fileset sources_1
close [ open C:/Users/daniel.avila.EIA/Documents/GitHub/DAPHNE_V1/daphne_v1/daphne_v1.srcs/sources_1/new/FIFO_TO_AXI_Stream_Logic.vhd w ]
add_files C:/Users/daniel.avila.EIA/Documents/GitHub/DAPHNE_V1/daphne_v1/daphne_v1.srcs/sources_1/new/FIFO_TO_AXI_Stream_Logic.vhd
update_compile_order -fileset sources_1
update_compile_order -fileset sources_1
reset_run synth_1
launch_runs impl_1 -to_step write_bitstream -jobs 12
wait_on_run impl_1
reset_run synth_1
launch_runs impl_1 -to_step write_bitstream -jobs 12
wait_on_run impl_1
reset_run synth_1
launch_runs impl_1 -to_step write_bitstream -jobs 12
wait_on_run impl_1
