#-----------------------------------------------------------
# Vivado v2023.1 (64-bit)
# SW Build 3865809 on Sun May  7 15:05:29 MDT 2023
# IP Build 3864474 on Sun May  7 20:36:21 MDT 2023
# SharedData Build 3865790 on Sun May 07 13:33:03 MDT 2023
# Start of session at: Tue Oct 31 16:24:04 2023
# Process ID: 12548
# Current directory: C:/Users/daniel.avila/Documents/GitHub/DAPHNE_V1/daphne_ethernet_echo/daphne_ethernet_echo.runs/synth_1
# Command line: vivado.exe -log fpga.vds -product Vivado -mode batch -messageDb vivado.pb -notrace -source fpga.tcl
# Log file: C:/Users/daniel.avila/Documents/GitHub/DAPHNE_V1/daphne_ethernet_echo/daphne_ethernet_echo.runs/synth_1/fpga.vds
# Journal file: C:/Users/daniel.avila/Documents/GitHub/DAPHNE_V1/daphne_ethernet_echo/daphne_ethernet_echo.runs/synth_1\vivado.jou
# Running On: danielA, OS: Windows, CPU Frequency: 2712 MHz, CPU Physical cores: 6, Host memory: 33942 MB
#-----------------------------------------------------------
source fpga.tcl -notrace
