Copyright 1986-2022 Xilinx, Inc. All Rights Reserved. Copyright 2022-2023 Advanced Micro Devices, Inc. All Rights Reserved.
------------------------------------------------------------------------------------------------------------------------------------------------------
| Tool Version : Vivado v.2023.1 (win64) Build 3865809 Sun May  7 15:05:29 MDT 2023
| Date         : Wed Mar 20 15:34:02 2024
| Host         : danielA running 64-bit major release  (build 9200)
| Command      : report_bus_skew -warn_on_violation -file daphne1_bus_skew_routed.rpt -pb daphne1_bus_skew_routed.pb -rpx daphne1_bus_skew_routed.rpx
| Design       : daphne1
| Device       : 7a200t-fbg676
| Speed File   : -2  PRODUCTION 1.23 2018-06-13
| Design State : Routed
------------------------------------------------------------------------------------------------------------------------------------------------------

Bus Skew Report

Table of Contents
-----------------
1. Bus Skew Report Summary
2. Bus Skew Report Per Constraint

1. Bus Skew Report Summary
--------------------------

Id  Position  From                            To                              Corner  Requirement(ns)  Actual(ns)  Slack(ns)
--  --------  ------------------------------  ------------------------------  ------  ---------------  ----------  ---------
1   69        [get_cells {{ETH_MOD/ETH_MAC_UDP_STACK_COM/eth_mac_inst/rx_fifo/fifo_inst/rd_ptr_reg_reg[*]} {ETH_MOD/ETH_MAC_UDP_STACK_COM/eth_mac_inst/rx_fifo/fifo_inst/rd_ptr_gray_reg_reg[*]}}]
                                              [get_cells {ETH_MOD/ETH_MAC_UDP_STACK_COM/eth_mac_inst/rx_fifo/fifo_inst/rd_ptr_gray_sync1_reg_reg[*]}]
                                                                              NA                8.000          NA         NA
2   71        [get_cells -quiet {ETH_MOD/ETH_MAC_UDP_STACK_COM/eth_mac_inst/rx_fifo/fifo_inst/wr_ptr_sync_commit_reg_reg[*]}]
                                              [get_cells {ETH_MOD/ETH_MAC_UDP_STACK_COM/eth_mac_inst/rx_fifo/fifo_inst/wr_ptr_commit_sync_reg_reg[*]}]
                                                                              NA                8.000          NA         NA
3   77        [get_cells {{ETH_MOD/ETH_MAC_UDP_STACK_COM/eth_mac_inst/tx_fifo/fifo_inst/rd_ptr_reg_reg[*]} {ETH_MOD/ETH_MAC_UDP_STACK_COM/eth_mac_inst/tx_fifo/fifo_inst/rd_ptr_gray_reg_reg[*]}}]
                                              [get_cells {ETH_MOD/ETH_MAC_UDP_STACK_COM/eth_mac_inst/tx_fifo/fifo_inst/rd_ptr_gray_sync1_reg_reg[*]}]
                                                                              Slow              8.000       0.596      7.404
4   79        [get_cells -quiet {ETH_MOD/ETH_MAC_UDP_STACK_COM/eth_mac_inst/tx_fifo/fifo_inst/wr_ptr_sync_commit_reg_reg[*]}]
                                              [get_cells {ETH_MOD/ETH_MAC_UDP_STACK_COM/eth_mac_inst/tx_fifo/fifo_inst/wr_ptr_commit_sync_reg_reg[*]}]
                                                                              Slow              8.000       1.110      6.890


2. Bus Skew Report Per Constraint
---------------------------------

Id: 1
set_bus_skew -from [get_cells {{ETH_MOD/ETH_MAC_UDP_STACK_COM/eth_mac_inst/rx_fifo/fifo_inst/rd_ptr_reg_reg[*]} {ETH_MOD/ETH_MAC_UDP_STACK_COM/eth_mac_inst/rx_fifo/fifo_inst/rd_ptr_gray_reg_reg[*]}}] -to [get_cells {ETH_MOD/ETH_MAC_UDP_STACK_COM/eth_mac_inst/rx_fifo/fifo_inst/rd_ptr_gray_sync1_reg_reg[*]}] 8.000
Requirement: 8.000ns
Endpoints: 0
No bus skew paths found.


Id: 2
set_bus_skew -from [get_cells -quiet {ETH_MOD/ETH_MAC_UDP_STACK_COM/eth_mac_inst/rx_fifo/fifo_inst/wr_ptr_sync_commit_reg_reg[*]}] -to [get_cells {ETH_MOD/ETH_MAC_UDP_STACK_COM/eth_mac_inst/rx_fifo/fifo_inst/wr_ptr_commit_sync_reg_reg[*]}] 8.000
Requirement: 8.000ns
Endpoints: 0
No bus skew paths found.


Id: 3
set_bus_skew -from [get_cells {{ETH_MOD/ETH_MAC_UDP_STACK_COM/eth_mac_inst/tx_fifo/fifo_inst/rd_ptr_reg_reg[*]} {ETH_MOD/ETH_MAC_UDP_STACK_COM/eth_mac_inst/tx_fifo/fifo_inst/rd_ptr_gray_reg_reg[*]}}] -to [get_cells {ETH_MOD/ETH_MAC_UDP_STACK_COM/eth_mac_inst/tx_fifo/fifo_inst/rd_ptr_gray_sync1_reg_reg[*]}] 8.000
Requirement: 8.000ns
Endpoints: 14

From Clock            To Clock              Endpoint Pin                    Reference Pin                   Corner  Actual(ns)  Slack(ns)
--------------------  --------------------  ------------------------------  ------------------------------  ------  ----------  ---------
sclk125               sclk125               ETH_MOD/ETH_MAC_UDP_STACK_COM/eth_mac_inst/tx_fifo/fifo_inst/rd_ptr_gray_sync1_reg_reg[11]/D
                                                                            ETH_MOD/ETH_MAC_UDP_STACK_COM/eth_mac_inst/tx_fifo/fifo_inst/rd_ptr_gray_sync1_reg_reg[0]/D
                                                                                                            Slow         0.596      7.404


Slack (MET) :             7.404ns  (requirement - actual skew)
  Endpoint Source:        ETH_MOD/ETH_MAC_UDP_STACK_COM/eth_mac_inst/tx_fifo/fifo_inst/rd_ptr_gray_reg_reg[11]/C
                            (rising edge-triggered cell FDRE clocked by sclk125)
  Endpoint Destination:   ETH_MOD/ETH_MAC_UDP_STACK_COM/eth_mac_inst/tx_fifo/fifo_inst/rd_ptr_gray_sync1_reg_reg[11]/D
                            (rising edge-triggered cell FDRE clocked by sclk125)
  Reference Source:       ETH_MOD/ETH_MAC_UDP_STACK_COM/eth_mac_inst/tx_fifo/fifo_inst/rd_ptr_gray_reg_reg[0]/C
                            (rising edge-triggered cell FDRE clocked by sclk125)
  Reference Destination:  ETH_MOD/ETH_MAC_UDP_STACK_COM/eth_mac_inst/tx_fifo/fifo_inst/rd_ptr_gray_sync1_reg_reg[0]/D
                            (rising edge-triggered cell FDRE clocked by sclk125)
  Path Type:              Bus Skew (Max at Slow Process Corner)
  Requirement:            8.000ns
  Endpoint Relative Delay:    1.254ns
  Reference Relative Delay:   0.500ns
  Relative CRPR:              0.158ns
  Actual Bus Skew:            0.596ns  (Endpoint Relative Delay - Reference Relative Delay - Relative CRPR)

Endpoint path:
    Location             Delay type                Incr(ns)  Path(ns)    Netlist Resource(s)
  -------------------------------------------------------------------    -------------------
                         (clock sclk125 rise edge)    0.000     0.000 r  
    AA4                                               0.000     0.000 r  sysclk_p (IN)
                         net (fo=0)                   0.000     0.000    SYS_TIMING_ENPT/sysclk_p
    AA4                  IBUFDS (Prop_ibufds_I_O)     0.907     0.907 r  SYS_TIMING_ENPT/sysclk_ibufds_inst/O
                         net (fo=1, routed)           1.065     1.972    SYS_TIMING_ENPT/sysclk_ibuf
    MMCME2_ADV_X1Y1      MMCME2_ADV (Prop_mmcme2_adv_CLKIN1_CLKOUT3)
                                                     -6.553    -4.581 r  SYS_TIMING_ENPT/mmcm0_inst/CLKOUT3
                         net (fo=1, routed)           1.797    -2.784    SYS_TIMING_ENPT/mmcm0_clkout3
    BUFGCTRL_X0Y0        BUFG (Prop_bufg_I_O)         0.081    -2.703 r  SYS_TIMING_ENPT/mmcm0_clk3_inst/O
                         net (fo=2469, routed)        0.118    -2.585    ETH_MOD/ETH_MAC_UDP_STACK_COM/eth_mac_inst/eth_mac_1g_gmii_inst/gmii_phy_if_inst/sys_clk125
    BUFGCTRL_X0Y1        BUFGCTRL (Prop_bufgctrl_I0_O)
                                                      0.081    -2.504 r  ETH_MOD/ETH_MAC_UDP_STACK_COM/eth_mac_inst/eth_mac_1g_gmii_inst/gmii_phy_if_inst/gmii_bufgmux_inst/O
                         net (fo=163, routed)         1.391    -1.113    ETH_MOD/ETH_MAC_UDP_STACK_COM/eth_mac_inst/tx_fifo/fifo_inst/tx_clk
    SLICE_X43Y185        FDRE                                         r  ETH_MOD/ETH_MAC_UDP_STACK_COM/eth_mac_inst/tx_fifo/fifo_inst/rd_ptr_gray_reg_reg[11]/C
  -------------------------------------------------------------------    -------------------
    SLICE_X43Y185        FDRE (Prop_fdre_C_Q)         0.379    -0.734 r  ETH_MOD/ETH_MAC_UDP_STACK_COM/eth_mac_inst/tx_fifo/fifo_inst/rd_ptr_gray_reg_reg[11]/Q
                         net (fo=1, routed)           0.567    -0.167    ETH_MOD/ETH_MAC_UDP_STACK_COM/eth_mac_inst/tx_fifo/fifo_inst/rd_ptr_gray_reg_1[11]
    SLICE_X41Y185        FDRE                                         r  ETH_MOD/ETH_MAC_UDP_STACK_COM/eth_mac_inst/tx_fifo/fifo_inst/rd_ptr_gray_sync1_reg_reg[11]/D
  -------------------------------------------------------------------    -------------------

                         (clock sclk125 rise edge)    0.000     0.000 r  
    AA4                                               0.000     0.000 r  sysclk_p (IN)
                         net (fo=0)                   0.000     0.000    SYS_TIMING_ENPT/sysclk_p
    AA4                  IBUFDS (Prop_ibufds_I_O)     0.867     0.867 r  SYS_TIMING_ENPT/sysclk_ibufds_inst/O
                         net (fo=1, routed)           1.004     1.870    SYS_TIMING_ENPT/sysclk_ibuf
    MMCME2_ADV_X1Y1      MMCME2_ADV (Prop_mmcme2_adv_CLKIN1_CLKOUT3)
                                                     -6.667    -4.797 r  SYS_TIMING_ENPT/mmcm0_inst/CLKOUT3
                         net (fo=1, routed)           1.712    -3.085    SYS_TIMING_ENPT/mmcm0_clkout3
    BUFGCTRL_X0Y0        BUFG (Prop_bufg_I_O)         0.077    -3.008 r  SYS_TIMING_ENPT/mmcm0_clk3_inst/O
                         net (fo=2469, routed)        1.356    -1.652    ETH_MOD/ETH_MAC_UDP_STACK_COM/eth_mac_inst/tx_fifo/fifo_inst/sys_clk125
    SLICE_X41Y185        FDRE                                         r  ETH_MOD/ETH_MAC_UDP_STACK_COM/eth_mac_inst/tx_fifo/fifo_inst/rd_ptr_gray_sync1_reg_reg[11]/C
                         clock pessimism              0.305    -1.347    
    SLICE_X41Y185        FDRE (Setup_fdre_C_D)       -0.073    -1.420    ETH_MOD/ETH_MAC_UDP_STACK_COM/eth_mac_inst/tx_fifo/fifo_inst/rd_ptr_gray_sync1_reg_reg[11]
  -------------------------------------------------------------------
                         data arrival                          -0.167    
                         clock arrival                         -1.420    
  -------------------------------------------------------------------
                         relative delay                         1.254    

Reference path:
    Location             Delay type                Incr(ns)  Path(ns)    Netlist Resource(s)
  -------------------------------------------------------------------    -------------------
                         (clock sclk125 rise edge)    0.000     0.000 r  
    AA4                                               0.000     0.000 r  sysclk_p (IN)
                         net (fo=0)                   0.000     0.000    SYS_TIMING_ENPT/sysclk_p
    AA4                  IBUFDS (Prop_ibufds_I_O)     0.867     0.867 r  SYS_TIMING_ENPT/sysclk_ibufds_inst/O
                         net (fo=1, routed)           1.004     1.870    SYS_TIMING_ENPT/sysclk_ibuf
    MMCME2_ADV_X1Y1      MMCME2_ADV (Prop_mmcme2_adv_CLKIN1_CLKOUT3)
                                                     -6.667    -4.797 r  SYS_TIMING_ENPT/mmcm0_inst/CLKOUT3
                         net (fo=1, routed)           1.712    -3.085    SYS_TIMING_ENPT/mmcm0_clkout3
    BUFGCTRL_X0Y0        BUFG (Prop_bufg_I_O)         0.077    -3.008 r  SYS_TIMING_ENPT/mmcm0_clk3_inst/O
                         net (fo=2469, routed)        0.112    -2.896    ETH_MOD/ETH_MAC_UDP_STACK_COM/eth_mac_inst/eth_mac_1g_gmii_inst/gmii_phy_if_inst/sys_clk125
    BUFGCTRL_X0Y1        BUFGCTRL (Prop_bufgctrl_I0_O)
                                                      0.077    -2.819 r  ETH_MOD/ETH_MAC_UDP_STACK_COM/eth_mac_inst/eth_mac_1g_gmii_inst/gmii_phy_if_inst/gmii_bufgmux_inst/O
                         net (fo=163, routed)         1.282    -1.537    ETH_MOD/ETH_MAC_UDP_STACK_COM/eth_mac_inst/tx_fifo/fifo_inst/tx_clk
    SLICE_X43Y183        FDRE                                         r  ETH_MOD/ETH_MAC_UDP_STACK_COM/eth_mac_inst/tx_fifo/fifo_inst/rd_ptr_gray_reg_reg[0]/C
  -------------------------------------------------------------------    -------------------
    SLICE_X43Y183        FDRE (Prop_fdre_C_Q)         0.304    -1.233 r  ETH_MOD/ETH_MAC_UDP_STACK_COM/eth_mac_inst/tx_fifo/fifo_inst/rd_ptr_gray_reg_reg[0]/Q
                         net (fo=1, routed)           0.300    -0.933    ETH_MOD/ETH_MAC_UDP_STACK_COM/eth_mac_inst/tx_fifo/fifo_inst/rd_ptr_gray_reg_1[0]
    SLICE_X42Y182        FDRE                                         r  ETH_MOD/ETH_MAC_UDP_STACK_COM/eth_mac_inst/tx_fifo/fifo_inst/rd_ptr_gray_sync1_reg_reg[0]/D
  -------------------------------------------------------------------    -------------------

                         (clock sclk125 rise edge)    0.000     0.000 r  
    AA4                                               0.000     0.000 r  sysclk_p (IN)
                         net (fo=0)                   0.000     0.000    SYS_TIMING_ENPT/sysclk_p
    AA4                  IBUFDS (Prop_ibufds_I_O)     0.907     0.907 r  SYS_TIMING_ENPT/sysclk_ibufds_inst/O
                         net (fo=1, routed)           1.065     1.972    SYS_TIMING_ENPT/sysclk_ibuf
    MMCME2_ADV_X1Y1      MMCME2_ADV (Prop_mmcme2_adv_CLKIN1_CLKOUT3)
                                                     -6.553    -4.581 r  SYS_TIMING_ENPT/mmcm0_inst/CLKOUT3
                         net (fo=1, routed)           1.797    -2.784    SYS_TIMING_ENPT/mmcm0_clkout3
    BUFGCTRL_X0Y0        BUFG (Prop_bufg_I_O)         0.081    -2.703 r  SYS_TIMING_ENPT/mmcm0_clk3_inst/O
                         net (fo=2469, routed)        1.388    -1.315    ETH_MOD/ETH_MAC_UDP_STACK_COM/eth_mac_inst/tx_fifo/fifo_inst/sys_clk125
    SLICE_X42Y182        FDRE                                         r  ETH_MOD/ETH_MAC_UDP_STACK_COM/eth_mac_inst/tx_fifo/fifo_inst/rd_ptr_gray_sync1_reg_reg[0]/C
                         clock pessimism             -0.305    -1.620    
    SLICE_X42Y182        FDRE (Hold_fdre_C_D)         0.187    -1.433    ETH_MOD/ETH_MAC_UDP_STACK_COM/eth_mac_inst/tx_fifo/fifo_inst/rd_ptr_gray_sync1_reg_reg[0]
  -------------------------------------------------------------------
                         data arrival                          -0.933    
                         clock arrival                         -1.433    
  -------------------------------------------------------------------
                         relative delay                         0.500    



Id: 4
set_bus_skew -from [get_cells -quiet {ETH_MOD/ETH_MAC_UDP_STACK_COM/eth_mac_inst/tx_fifo/fifo_inst/wr_ptr_sync_commit_reg_reg[*]}] -to [get_cells {ETH_MOD/ETH_MAC_UDP_STACK_COM/eth_mac_inst/tx_fifo/fifo_inst/wr_ptr_commit_sync_reg_reg[*]}] 8.000
Requirement: 8.000ns
Endpoints: 14

From Clock            To Clock              Endpoint Pin                    Reference Pin                   Corner  Actual(ns)  Slack(ns)
--------------------  --------------------  ------------------------------  ------------------------------  ------  ----------  ---------
sclk125               sclk125               ETH_MOD/ETH_MAC_UDP_STACK_COM/eth_mac_inst/tx_fifo/fifo_inst/wr_ptr_commit_sync_reg_reg[1]/D
                                                                            ETH_MOD/ETH_MAC_UDP_STACK_COM/eth_mac_inst/tx_fifo/fifo_inst/wr_ptr_commit_sync_reg_reg[2]/D
                                                                                                            Slow         1.110      6.890


Slack (MET) :             6.890ns  (requirement - actual skew)
  Endpoint Source:        ETH_MOD/ETH_MAC_UDP_STACK_COM/eth_mac_inst/tx_fifo/fifo_inst/wr_ptr_sync_commit_reg_reg[1]/C
                            (rising edge-triggered cell FDRE clocked by sclk125)
  Endpoint Destination:   ETH_MOD/ETH_MAC_UDP_STACK_COM/eth_mac_inst/tx_fifo/fifo_inst/wr_ptr_commit_sync_reg_reg[1]/D
                            (rising edge-triggered cell FDRE clocked by sclk125)
  Reference Source:       ETH_MOD/ETH_MAC_UDP_STACK_COM/eth_mac_inst/tx_fifo/fifo_inst/wr_ptr_sync_commit_reg_reg[2]/C
                            (rising edge-triggered cell FDRE clocked by sclk125)
  Reference Destination:  ETH_MOD/ETH_MAC_UDP_STACK_COM/eth_mac_inst/tx_fifo/fifo_inst/wr_ptr_commit_sync_reg_reg[2]/D
                            (rising edge-triggered cell FDRE clocked by sclk125)
  Path Type:              Bus Skew (Max at Slow Process Corner)
  Requirement:            8.000ns
  Endpoint Relative Delay:    1.375ns
  Reference Relative Delay:   0.068ns
  Relative CRPR:              0.197ns
  Actual Bus Skew:            1.110ns  (Endpoint Relative Delay - Reference Relative Delay - Relative CRPR)

Endpoint path:
    Location             Delay type                Incr(ns)  Path(ns)    Netlist Resource(s)
  -------------------------------------------------------------------    -------------------
                         (clock sclk125 rise edge)    0.000     0.000 r  
    AA4                                               0.000     0.000 r  sysclk_p (IN)
                         net (fo=0)                   0.000     0.000    SYS_TIMING_ENPT/sysclk_p
    AA4                  IBUFDS (Prop_ibufds_I_O)     0.907     0.907 r  SYS_TIMING_ENPT/sysclk_ibufds_inst/O
                         net (fo=1, routed)           1.065     1.972    SYS_TIMING_ENPT/sysclk_ibuf
    MMCME2_ADV_X1Y1      MMCME2_ADV (Prop_mmcme2_adv_CLKIN1_CLKOUT3)
                                                     -6.553    -4.581 r  SYS_TIMING_ENPT/mmcm0_inst/CLKOUT3
                         net (fo=1, routed)           1.797    -2.784    SYS_TIMING_ENPT/mmcm0_clkout3
    BUFGCTRL_X0Y0        BUFG (Prop_bufg_I_O)         0.081    -2.703 r  SYS_TIMING_ENPT/mmcm0_clk3_inst/O
                         net (fo=2469, routed)        1.461    -1.242    ETH_MOD/ETH_MAC_UDP_STACK_COM/eth_mac_inst/tx_fifo/fifo_inst/sys_clk125
    SLICE_X39Y183        FDRE                                         r  ETH_MOD/ETH_MAC_UDP_STACK_COM/eth_mac_inst/tx_fifo/fifo_inst/wr_ptr_sync_commit_reg_reg[1]/C
  -------------------------------------------------------------------    -------------------
    SLICE_X39Y183        FDRE (Prop_fdre_C_Q)         0.348    -0.894 r  ETH_MOD/ETH_MAC_UDP_STACK_COM/eth_mac_inst/tx_fifo/fifo_inst/wr_ptr_sync_commit_reg_reg[1]/Q
                         net (fo=1, routed)           0.942     0.048    ETH_MOD/ETH_MAC_UDP_STACK_COM/eth_mac_inst/tx_fifo/fifo_inst/wr_ptr_sync_commit_reg[1]
    SLICE_X40Y183        FDRE                                         r  ETH_MOD/ETH_MAC_UDP_STACK_COM/eth_mac_inst/tx_fifo/fifo_inst/wr_ptr_commit_sync_reg_reg[1]/D
  -------------------------------------------------------------------    -------------------

                         (clock sclk125 rise edge)    0.000     0.000 r  
    AA4                                               0.000     0.000 r  sysclk_p (IN)
                         net (fo=0)                   0.000     0.000    SYS_TIMING_ENPT/sysclk_p
    AA4                  IBUFDS (Prop_ibufds_I_O)     0.867     0.867 r  SYS_TIMING_ENPT/sysclk_ibufds_inst/O
                         net (fo=1, routed)           1.004     1.870    SYS_TIMING_ENPT/sysclk_ibuf
    MMCME2_ADV_X1Y1      MMCME2_ADV (Prop_mmcme2_adv_CLKIN1_CLKOUT3)
                                                     -6.667    -4.797 r  SYS_TIMING_ENPT/mmcm0_inst/CLKOUT3
                         net (fo=1, routed)           1.712    -3.085    SYS_TIMING_ENPT/mmcm0_clkout3
    BUFGCTRL_X0Y0        BUFG (Prop_bufg_I_O)         0.077    -3.008 r  SYS_TIMING_ENPT/mmcm0_clk3_inst/O
                         net (fo=2469, routed)        0.112    -2.896    ETH_MOD/ETH_MAC_UDP_STACK_COM/eth_mac_inst/eth_mac_1g_gmii_inst/gmii_phy_if_inst/sys_clk125
    BUFGCTRL_X0Y1        BUFGCTRL (Prop_bufgctrl_I0_O)
                                                      0.077    -2.819 r  ETH_MOD/ETH_MAC_UDP_STACK_COM/eth_mac_inst/eth_mac_1g_gmii_inst/gmii_phy_if_inst/gmii_bufgmux_inst/O
                         net (fo=163, routed)         1.355    -1.464    ETH_MOD/ETH_MAC_UDP_STACK_COM/eth_mac_inst/tx_fifo/fifo_inst/tx_clk
    SLICE_X40Y183        FDRE                                         r  ETH_MOD/ETH_MAC_UDP_STACK_COM/eth_mac_inst/tx_fifo/fifo_inst/wr_ptr_commit_sync_reg_reg[1]/C
                         clock pessimism              0.305    -1.159    
    SLICE_X40Y183        FDRE (Setup_fdre_C_D)       -0.168    -1.327    ETH_MOD/ETH_MAC_UDP_STACK_COM/eth_mac_inst/tx_fifo/fifo_inst/wr_ptr_commit_sync_reg_reg[1]
  -------------------------------------------------------------------
                         data arrival                           0.048    
                         clock arrival                         -1.327    
  -------------------------------------------------------------------
                         relative delay                         1.375    

Reference path:
    Location             Delay type                Incr(ns)  Path(ns)    Netlist Resource(s)
  -------------------------------------------------------------------    -------------------
                         (clock sclk125 rise edge)    0.000     0.000 r  
    AA4                                               0.000     0.000 r  sysclk_p (IN)
                         net (fo=0)                   0.000     0.000    SYS_TIMING_ENPT/sysclk_p
    AA4                  IBUFDS (Prop_ibufds_I_O)     0.867     0.867 r  SYS_TIMING_ENPT/sysclk_ibufds_inst/O
                         net (fo=1, routed)           1.004     1.870    SYS_TIMING_ENPT/sysclk_ibuf
    MMCME2_ADV_X1Y1      MMCME2_ADV (Prop_mmcme2_adv_CLKIN1_CLKOUT3)
                                                     -6.667    -4.797 r  SYS_TIMING_ENPT/mmcm0_inst/CLKOUT3
                         net (fo=1, routed)           1.712    -3.085    SYS_TIMING_ENPT/mmcm0_clkout3
    BUFGCTRL_X0Y0        BUFG (Prop_bufg_I_O)         0.077    -3.008 r  SYS_TIMING_ENPT/mmcm0_clk3_inst/O
                         net (fo=2469, routed)        1.355    -1.653    ETH_MOD/ETH_MAC_UDP_STACK_COM/eth_mac_inst/tx_fifo/fifo_inst/sys_clk125
    SLICE_X39Y183        FDRE                                         r  ETH_MOD/ETH_MAC_UDP_STACK_COM/eth_mac_inst/tx_fifo/fifo_inst/wr_ptr_sync_commit_reg_reg[2]/C
  -------------------------------------------------------------------    -------------------
    SLICE_X39Y183        FDRE (Prop_fdre_C_Q)         0.304    -1.349 r  ETH_MOD/ETH_MAC_UDP_STACK_COM/eth_mac_inst/tx_fifo/fifo_inst/wr_ptr_sync_commit_reg_reg[2]/Q
                         net (fo=1, routed)           0.271    -1.078    ETH_MOD/ETH_MAC_UDP_STACK_COM/eth_mac_inst/tx_fifo/fifo_inst/wr_ptr_sync_commit_reg[2]
    SLICE_X40Y184        FDRE                                         r  ETH_MOD/ETH_MAC_UDP_STACK_COM/eth_mac_inst/tx_fifo/fifo_inst/wr_ptr_commit_sync_reg_reg[2]/D
  -------------------------------------------------------------------    -------------------

                         (clock sclk125 rise edge)    0.000     0.000 r  
    AA4                                               0.000     0.000 r  sysclk_p (IN)
                         net (fo=0)                   0.000     0.000    SYS_TIMING_ENPT/sysclk_p
    AA4                  IBUFDS (Prop_ibufds_I_O)     0.907     0.907 r  SYS_TIMING_ENPT/sysclk_ibufds_inst/O
                         net (fo=1, routed)           1.065     1.972    SYS_TIMING_ENPT/sysclk_ibuf
    MMCME2_ADV_X1Y1      MMCME2_ADV (Prop_mmcme2_adv_CLKIN1_CLKOUT3)
                                                     -6.553    -4.581 r  SYS_TIMING_ENPT/mmcm0_inst/CLKOUT3
                         net (fo=1, routed)           1.797    -2.784    SYS_TIMING_ENPT/mmcm0_clkout3
    BUFGCTRL_X0Y0        BUFG (Prop_bufg_I_O)         0.081    -2.703 r  SYS_TIMING_ENPT/mmcm0_clk3_inst/O
                         net (fo=2469, routed)        0.118    -2.585    ETH_MOD/ETH_MAC_UDP_STACK_COM/eth_mac_inst/eth_mac_1g_gmii_inst/gmii_phy_if_inst/sys_clk125
    BUFGCTRL_X0Y1        BUFGCTRL (Prop_bufgctrl_I0_O)
                                                      0.081    -2.504 r  ETH_MOD/ETH_MAC_UDP_STACK_COM/eth_mac_inst/eth_mac_1g_gmii_inst/gmii_phy_if_inst/gmii_bufgmux_inst/O
                         net (fo=163, routed)         1.462    -1.042    ETH_MOD/ETH_MAC_UDP_STACK_COM/eth_mac_inst/tx_fifo/fifo_inst/tx_clk
    SLICE_X40Y184        FDRE                                         r  ETH_MOD/ETH_MAC_UDP_STACK_COM/eth_mac_inst/tx_fifo/fifo_inst/wr_ptr_commit_sync_reg_reg[2]/C
                         clock pessimism             -0.305    -1.347    
    SLICE_X40Y184        FDRE (Hold_fdre_C_D)         0.200    -1.147    ETH_MOD/ETH_MAC_UDP_STACK_COM/eth_mac_inst/tx_fifo/fifo_inst/wr_ptr_commit_sync_reg_reg[2]
  -------------------------------------------------------------------
                         data arrival                          -1.078    
                         clock arrival                         -1.147    
  -------------------------------------------------------------------
                         relative delay                         0.068    



