Copyright 1986-2022 Xilinx, Inc. All Rights Reserved. Copyright 2022-2023 Advanced Micro Devices, Inc. All Rights Reserved.
------------------------------------------------------------------------------------------------------------------------------------------------------
| Tool Version : Vivado v.2023.1 (win64) Build 3865809 Sun May  7 15:05:29 MDT 2023
| Date         : Wed Nov 22 10:52:17 2023
| Host         : danielA running 64-bit major release  (build 9200)
| Command      : report_bus_skew -warn_on_violation -file daphne1_bus_skew_routed.rpt -pb daphne1_bus_skew_routed.pb -rpx daphne1_bus_skew_routed.rpx
| Design       : daphne1
| Device       : 7a200t-fbg676
| Speed File   : -2  PRODUCTION 1.23 2018-06-13
| Design State : Routed
------------------------------------------------------------------------------------------------------------------------------------------------------

Bus Skew Report

Table of Contents
-----------------
1. Bus Skew Report Summary
2. Bus Skew Report Per Constraint

1. Bus Skew Report Summary
--------------------------

Id  Position  From                            To                              Corner  Requirement(ns)  Actual(ns)  Slack(ns)
--  --------  ------------------------------  ------------------------------  ------  ---------------  ----------  ---------
1   69        [get_cells {{ETH_MOD/ETH_MAC_UDP_STACK_COM/eth_mac_inst/rx_fifo/fifo_inst/rd_ptr_reg_reg[*]} {ETH_MOD/ETH_MAC_UDP_STACK_COM/eth_mac_inst/rx_fifo/fifo_inst/rd_ptr_gray_reg_reg[*]}}]
                                              [get_cells {ETH_MOD/ETH_MAC_UDP_STACK_COM/eth_mac_inst/rx_fifo/fifo_inst/rd_ptr_gray_sync1_reg_reg[*]}]
                                                                              NA                8.000          NA         NA
2   71        [get_cells -quiet {ETH_MOD/ETH_MAC_UDP_STACK_COM/eth_mac_inst/rx_fifo/fifo_inst/wr_ptr_sync_commit_reg_reg[*]}]
                                              [get_cells {ETH_MOD/ETH_MAC_UDP_STACK_COM/eth_mac_inst/rx_fifo/fifo_inst/wr_ptr_commit_sync_reg_reg[*]}]
                                                                              NA                8.000          NA         NA
3   77        [get_cells {{ETH_MOD/ETH_MAC_UDP_STACK_COM/eth_mac_inst/tx_fifo/fifo_inst/rd_ptr_reg_reg[*]} {ETH_MOD/ETH_MAC_UDP_STACK_COM/eth_mac_inst/tx_fifo/fifo_inst/rd_ptr_gray_reg_reg[*]}}]
                                              [get_cells {ETH_MOD/ETH_MAC_UDP_STACK_COM/eth_mac_inst/tx_fifo/fifo_inst/rd_ptr_gray_sync1_reg_reg[*]}]
                                                                              Slow              8.000       0.702      7.298
4   79        [get_cells -quiet {ETH_MOD/ETH_MAC_UDP_STACK_COM/eth_mac_inst/tx_fifo/fifo_inst/wr_ptr_sync_commit_reg_reg[*]}]
                                              [get_cells {ETH_MOD/ETH_MAC_UDP_STACK_COM/eth_mac_inst/tx_fifo/fifo_inst/wr_ptr_commit_sync_reg_reg[*]}]
                                                                              Slow              8.000       0.971      7.029


2. Bus Skew Report Per Constraint
---------------------------------

Id: 1
set_bus_skew -from [get_cells {{ETH_MOD/ETH_MAC_UDP_STACK_COM/eth_mac_inst/rx_fifo/fifo_inst/rd_ptr_reg_reg[*]} {ETH_MOD/ETH_MAC_UDP_STACK_COM/eth_mac_inst/rx_fifo/fifo_inst/rd_ptr_gray_reg_reg[*]}}] -to [get_cells {ETH_MOD/ETH_MAC_UDP_STACK_COM/eth_mac_inst/rx_fifo/fifo_inst/rd_ptr_gray_sync1_reg_reg[*]}] 8.000
Requirement: 8.000ns
Endpoints: 0
No bus skew paths found.


Id: 2
set_bus_skew -from [get_cells -quiet {ETH_MOD/ETH_MAC_UDP_STACK_COM/eth_mac_inst/rx_fifo/fifo_inst/wr_ptr_sync_commit_reg_reg[*]}] -to [get_cells {ETH_MOD/ETH_MAC_UDP_STACK_COM/eth_mac_inst/rx_fifo/fifo_inst/wr_ptr_commit_sync_reg_reg[*]}] 8.000
Requirement: 8.000ns
Endpoints: 0
No bus skew paths found.


Id: 3
set_bus_skew -from [get_cells {{ETH_MOD/ETH_MAC_UDP_STACK_COM/eth_mac_inst/tx_fifo/fifo_inst/rd_ptr_reg_reg[*]} {ETH_MOD/ETH_MAC_UDP_STACK_COM/eth_mac_inst/tx_fifo/fifo_inst/rd_ptr_gray_reg_reg[*]}}] -to [get_cells {ETH_MOD/ETH_MAC_UDP_STACK_COM/eth_mac_inst/tx_fifo/fifo_inst/rd_ptr_gray_sync1_reg_reg[*]}] 8.000
Requirement: 8.000ns
Endpoints: 14

From Clock            To Clock              Endpoint Pin                    Reference Pin                   Corner  Actual(ns)  Slack(ns)
--------------------  --------------------  ------------------------------  ------------------------------  ------  ----------  ---------
sclk125               sclk125               ETH_MOD/ETH_MAC_UDP_STACK_COM/eth_mac_inst/tx_fifo/fifo_inst/rd_ptr_gray_sync1_reg_reg[9]/D
                                                                            ETH_MOD/ETH_MAC_UDP_STACK_COM/eth_mac_inst/tx_fifo/fifo_inst/rd_ptr_gray_sync1_reg_reg[1]/D
                                                                                                            Slow         0.702      7.298


Slack (MET) :             7.298ns  (requirement - actual skew)
  Endpoint Source:        ETH_MOD/ETH_MAC_UDP_STACK_COM/eth_mac_inst/tx_fifo/fifo_inst/rd_ptr_gray_reg_reg[9]/C
                            (rising edge-triggered cell FDRE clocked by sclk125)
  Endpoint Destination:   ETH_MOD/ETH_MAC_UDP_STACK_COM/eth_mac_inst/tx_fifo/fifo_inst/rd_ptr_gray_sync1_reg_reg[9]/D
                            (rising edge-triggered cell FDRE clocked by sclk125)
  Reference Source:       ETH_MOD/ETH_MAC_UDP_STACK_COM/eth_mac_inst/tx_fifo/fifo_inst/rd_ptr_gray_reg_reg[1]/C
                            (rising edge-triggered cell FDRE clocked by sclk125)
  Reference Destination:  ETH_MOD/ETH_MAC_UDP_STACK_COM/eth_mac_inst/tx_fifo/fifo_inst/rd_ptr_gray_sync1_reg_reg[1]/D
                            (rising edge-triggered cell FDRE clocked by sclk125)
  Path Type:              Bus Skew (Max at Slow Process Corner)
  Requirement:            8.000ns
  Endpoint Relative Delay:    1.388ns
  Reference Relative Delay:   0.527ns
  Relative CRPR:              0.158ns
  Actual Bus Skew:            0.702ns  (Endpoint Relative Delay - Reference Relative Delay - Relative CRPR)

Endpoint path:
    Location             Delay type                Incr(ns)  Path(ns)    Netlist Resource(s)
  -------------------------------------------------------------------    -------------------
                         (clock sclk125 rise edge)    0.000     0.000 r  
    AA4                                               0.000     0.000 r  sysclk_p (IN)
                         net (fo=0)                   0.000     0.000    SYS_TIMING_ENPT/sysclk_p
    AA4                  IBUFDS (Prop_ibufds_I_O)     0.907     0.907 r  SYS_TIMING_ENPT/sysclk_ibufds_inst/O
                         net (fo=1, routed)           1.065     1.972    SYS_TIMING_ENPT/sysclk_ibuf
    MMCME2_ADV_X1Y1      MMCME2_ADV (Prop_mmcme2_adv_CLKIN1_CLKOUT3)
                                                     -6.553    -4.581 r  SYS_TIMING_ENPT/mmcm0_inst/CLKOUT3
                         net (fo=1, routed)           1.797    -2.784    SYS_TIMING_ENPT/mmcm0_clkout3
    BUFGCTRL_X0Y0        BUFG (Prop_bufg_I_O)         0.081    -2.703 r  SYS_TIMING_ENPT/mmcm0_clk3_inst/O
                         net (fo=2469, routed)        0.118    -2.585    ETH_MOD/ETH_MAC_UDP_STACK_COM/eth_mac_inst/eth_mac_1g_gmii_inst/gmii_phy_if_inst/sys_clk125
    BUFGCTRL_X0Y1        BUFGCTRL (Prop_bufgctrl_I0_O)
                                                      0.081    -2.504 r  ETH_MOD/ETH_MAC_UDP_STACK_COM/eth_mac_inst/eth_mac_1g_gmii_inst/gmii_phy_if_inst/gmii_bufgmux_inst/O
                         net (fo=163, routed)         1.482    -1.022    ETH_MOD/ETH_MAC_UDP_STACK_COM/eth_mac_inst/tx_fifo/fifo_inst/tx_clk
    SLICE_X16Y188        FDRE                                         r  ETH_MOD/ETH_MAC_UDP_STACK_COM/eth_mac_inst/tx_fifo/fifo_inst/rd_ptr_gray_reg_reg[9]/C
  -------------------------------------------------------------------    -------------------
    SLICE_X16Y188        FDRE (Prop_fdre_C_Q)         0.398    -0.624 r  ETH_MOD/ETH_MAC_UDP_STACK_COM/eth_mac_inst/tx_fifo/fifo_inst/rd_ptr_gray_reg_reg[9]/Q
                         net (fo=1, routed)           0.482    -0.142    ETH_MOD/ETH_MAC_UDP_STACK_COM/eth_mac_inst/tx_fifo/fifo_inst/rd_ptr_gray_reg[9]
    SLICE_X15Y186        FDRE                                         r  ETH_MOD/ETH_MAC_UDP_STACK_COM/eth_mac_inst/tx_fifo/fifo_inst/rd_ptr_gray_sync1_reg_reg[9]/D
  -------------------------------------------------------------------    -------------------

                         (clock sclk125 rise edge)    0.000     0.000 r  
    AA4                                               0.000     0.000 r  sysclk_p (IN)
                         net (fo=0)                   0.000     0.000    SYS_TIMING_ENPT/sysclk_p
    AA4                  IBUFDS (Prop_ibufds_I_O)     0.867     0.867 r  SYS_TIMING_ENPT/sysclk_ibufds_inst/O
                         net (fo=1, routed)           1.004     1.870    SYS_TIMING_ENPT/sysclk_ibuf
    MMCME2_ADV_X1Y1      MMCME2_ADV (Prop_mmcme2_adv_CLKIN1_CLKOUT3)
                                                     -6.667    -4.797 r  SYS_TIMING_ENPT/mmcm0_inst/CLKOUT3
                         net (fo=1, routed)           1.712    -3.085    SYS_TIMING_ENPT/mmcm0_clkout3
    BUFGCTRL_X0Y0        BUFG (Prop_bufg_I_O)         0.077    -3.008 r  SYS_TIMING_ENPT/mmcm0_clk3_inst/O
                         net (fo=2469, routed)        1.373    -1.635    ETH_MOD/ETH_MAC_UDP_STACK_COM/eth_mac_inst/tx_fifo/fifo_inst/sys_clk125
    SLICE_X15Y186        FDRE                                         r  ETH_MOD/ETH_MAC_UDP_STACK_COM/eth_mac_inst/tx_fifo/fifo_inst/rd_ptr_gray_sync1_reg_reg[9]/C
                         clock pessimism              0.305    -1.330    
    SLICE_X15Y186        FDRE (Setup_fdre_C_D)       -0.200    -1.530    ETH_MOD/ETH_MAC_UDP_STACK_COM/eth_mac_inst/tx_fifo/fifo_inst/rd_ptr_gray_sync1_reg_reg[9]
  -------------------------------------------------------------------
                         data arrival                          -0.142    
                         clock arrival                         -1.530    
  -------------------------------------------------------------------
                         relative delay                         1.388    

Reference path:
    Location             Delay type                Incr(ns)  Path(ns)    Netlist Resource(s)
  -------------------------------------------------------------------    -------------------
                         (clock sclk125 rise edge)    0.000     0.000 r  
    AA4                                               0.000     0.000 r  sysclk_p (IN)
                         net (fo=0)                   0.000     0.000    SYS_TIMING_ENPT/sysclk_p
    AA4                  IBUFDS (Prop_ibufds_I_O)     0.867     0.867 r  SYS_TIMING_ENPT/sysclk_ibufds_inst/O
                         net (fo=1, routed)           1.004     1.870    SYS_TIMING_ENPT/sysclk_ibuf
    MMCME2_ADV_X1Y1      MMCME2_ADV (Prop_mmcme2_adv_CLKIN1_CLKOUT3)
                                                     -6.667    -4.797 r  SYS_TIMING_ENPT/mmcm0_inst/CLKOUT3
                         net (fo=1, routed)           1.712    -3.085    SYS_TIMING_ENPT/mmcm0_clkout3
    BUFGCTRL_X0Y0        BUFG (Prop_bufg_I_O)         0.077    -3.008 r  SYS_TIMING_ENPT/mmcm0_clk3_inst/O
                         net (fo=2469, routed)        0.112    -2.896    ETH_MOD/ETH_MAC_UDP_STACK_COM/eth_mac_inst/eth_mac_1g_gmii_inst/gmii_phy_if_inst/sys_clk125
    BUFGCTRL_X0Y1        BUFGCTRL (Prop_bufgctrl_I0_O)
                                                      0.077    -2.819 r  ETH_MOD/ETH_MAC_UDP_STACK_COM/eth_mac_inst/eth_mac_1g_gmii_inst/gmii_phy_if_inst/gmii_bufgmux_inst/O
                         net (fo=163, routed)         1.370    -1.449    ETH_MOD/ETH_MAC_UDP_STACK_COM/eth_mac_inst/tx_fifo/fifo_inst/tx_clk
    SLICE_X17Y184        FDRE                                         r  ETH_MOD/ETH_MAC_UDP_STACK_COM/eth_mac_inst/tx_fifo/fifo_inst/rd_ptr_gray_reg_reg[1]/C
  -------------------------------------------------------------------    -------------------
    SLICE_X17Y184        FDRE (Prop_fdre_C_Q)         0.304    -1.145 r  ETH_MOD/ETH_MAC_UDP_STACK_COM/eth_mac_inst/tx_fifo/fifo_inst/rd_ptr_gray_reg_reg[1]/Q
                         net (fo=1, routed)           0.280    -0.864    ETH_MOD/ETH_MAC_UDP_STACK_COM/eth_mac_inst/tx_fifo/fifo_inst/rd_ptr_gray_reg[1]
    SLICE_X19Y184        FDRE                                         r  ETH_MOD/ETH_MAC_UDP_STACK_COM/eth_mac_inst/tx_fifo/fifo_inst/rd_ptr_gray_sync1_reg_reg[1]/D
  -------------------------------------------------------------------    -------------------

                         (clock sclk125 rise edge)    0.000     0.000 r  
    AA4                                               0.000     0.000 r  sysclk_p (IN)
                         net (fo=0)                   0.000     0.000    SYS_TIMING_ENPT/sysclk_p
    AA4                  IBUFDS (Prop_ibufds_I_O)     0.907     0.907 r  SYS_TIMING_ENPT/sysclk_ibufds_inst/O
                         net (fo=1, routed)           1.065     1.972    SYS_TIMING_ENPT/sysclk_ibuf
    MMCME2_ADV_X1Y1      MMCME2_ADV (Prop_mmcme2_adv_CLKIN1_CLKOUT3)
                                                     -6.553    -4.581 r  SYS_TIMING_ENPT/mmcm0_inst/CLKOUT3
                         net (fo=1, routed)           1.797    -2.784    SYS_TIMING_ENPT/mmcm0_clkout3
    BUFGCTRL_X0Y0        BUFG (Prop_bufg_I_O)         0.081    -2.703 r  SYS_TIMING_ENPT/mmcm0_clk3_inst/O
                         net (fo=2469, routed)        1.478    -1.225    ETH_MOD/ETH_MAC_UDP_STACK_COM/eth_mac_inst/tx_fifo/fifo_inst/sys_clk125
    SLICE_X19Y184        FDRE                                         r  ETH_MOD/ETH_MAC_UDP_STACK_COM/eth_mac_inst/tx_fifo/fifo_inst/rd_ptr_gray_sync1_reg_reg[1]/C
                         clock pessimism             -0.305    -1.530    
    SLICE_X19Y184        FDRE (Hold_fdre_C_D)         0.138    -1.392    ETH_MOD/ETH_MAC_UDP_STACK_COM/eth_mac_inst/tx_fifo/fifo_inst/rd_ptr_gray_sync1_reg_reg[1]
  -------------------------------------------------------------------
                         data arrival                          -0.864    
                         clock arrival                         -1.392    
  -------------------------------------------------------------------
                         relative delay                         0.527    



Id: 4
set_bus_skew -from [get_cells -quiet {ETH_MOD/ETH_MAC_UDP_STACK_COM/eth_mac_inst/tx_fifo/fifo_inst/wr_ptr_sync_commit_reg_reg[*]}] -to [get_cells {ETH_MOD/ETH_MAC_UDP_STACK_COM/eth_mac_inst/tx_fifo/fifo_inst/wr_ptr_commit_sync_reg_reg[*]}] 8.000
Requirement: 8.000ns
Endpoints: 14

From Clock            To Clock              Endpoint Pin                    Reference Pin                   Corner  Actual(ns)  Slack(ns)
--------------------  --------------------  ------------------------------  ------------------------------  ------  ----------  ---------
sclk125               sclk125               ETH_MOD/ETH_MAC_UDP_STACK_COM/eth_mac_inst/tx_fifo/fifo_inst/wr_ptr_commit_sync_reg_reg[7]/D
                                                                            ETH_MOD/ETH_MAC_UDP_STACK_COM/eth_mac_inst/tx_fifo/fifo_inst/wr_ptr_commit_sync_reg_reg[4]/D
                                                                                                            Slow         0.971      7.029


Slack (MET) :             7.029ns  (requirement - actual skew)
  Endpoint Source:        ETH_MOD/ETH_MAC_UDP_STACK_COM/eth_mac_inst/tx_fifo/fifo_inst/wr_ptr_sync_commit_reg_reg[7]/C
                            (rising edge-triggered cell FDRE clocked by sclk125)
  Endpoint Destination:   ETH_MOD/ETH_MAC_UDP_STACK_COM/eth_mac_inst/tx_fifo/fifo_inst/wr_ptr_commit_sync_reg_reg[7]/D
                            (rising edge-triggered cell FDRE clocked by sclk125)
  Reference Source:       ETH_MOD/ETH_MAC_UDP_STACK_COM/eth_mac_inst/tx_fifo/fifo_inst/wr_ptr_sync_commit_reg_reg[4]/C
                            (rising edge-triggered cell FDRE clocked by sclk125)
  Reference Destination:  ETH_MOD/ETH_MAC_UDP_STACK_COM/eth_mac_inst/tx_fifo/fifo_inst/wr_ptr_commit_sync_reg_reg[4]/D
                            (rising edge-triggered cell FDRE clocked by sclk125)
  Path Type:              Bus Skew (Max at Slow Process Corner)
  Requirement:            8.000ns
  Endpoint Relative Delay:    1.317ns
  Reference Relative Delay:   0.172ns
  Relative CRPR:              0.174ns
  Actual Bus Skew:            0.971ns  (Endpoint Relative Delay - Reference Relative Delay - Relative CRPR)

Endpoint path:
    Location             Delay type                Incr(ns)  Path(ns)    Netlist Resource(s)
  -------------------------------------------------------------------    -------------------
                         (clock sclk125 rise edge)    0.000     0.000 r  
    AA4                                               0.000     0.000 r  sysclk_p (IN)
                         net (fo=0)                   0.000     0.000    SYS_TIMING_ENPT/sysclk_p
    AA4                  IBUFDS (Prop_ibufds_I_O)     0.907     0.907 r  SYS_TIMING_ENPT/sysclk_ibufds_inst/O
                         net (fo=1, routed)           1.065     1.972    SYS_TIMING_ENPT/sysclk_ibuf
    MMCME2_ADV_X1Y1      MMCME2_ADV (Prop_mmcme2_adv_CLKIN1_CLKOUT3)
                                                     -6.553    -4.581 r  SYS_TIMING_ENPT/mmcm0_inst/CLKOUT3
                         net (fo=1, routed)           1.797    -2.784    SYS_TIMING_ENPT/mmcm0_clkout3
    BUFGCTRL_X0Y0        BUFG (Prop_bufg_I_O)         0.081    -2.703 r  SYS_TIMING_ENPT/mmcm0_clk3_inst/O
                         net (fo=2469, routed)        1.481    -1.222    ETH_MOD/ETH_MAC_UDP_STACK_COM/eth_mac_inst/tx_fifo/fifo_inst/sys_clk125
    SLICE_X20Y187        FDRE                                         r  ETH_MOD/ETH_MAC_UDP_STACK_COM/eth_mac_inst/tx_fifo/fifo_inst/wr_ptr_sync_commit_reg_reg[7]/C
  -------------------------------------------------------------------    -------------------
    SLICE_X20Y187        FDRE (Prop_fdre_C_Q)         0.398    -0.824 r  ETH_MOD/ETH_MAC_UDP_STACK_COM/eth_mac_inst/tx_fifo/fifo_inst/wr_ptr_sync_commit_reg_reg[7]/Q
                         net (fo=1, routed)           0.799    -0.025    ETH_MOD/ETH_MAC_UDP_STACK_COM/eth_mac_inst/tx_fifo/fifo_inst/wr_ptr_sync_commit_reg[7]
    SLICE_X19Y187        FDRE                                         r  ETH_MOD/ETH_MAC_UDP_STACK_COM/eth_mac_inst/tx_fifo/fifo_inst/wr_ptr_commit_sync_reg_reg[7]/D
  -------------------------------------------------------------------    -------------------

                         (clock sclk125 rise edge)    0.000     0.000 r  
    AA4                                               0.000     0.000 r  sysclk_p (IN)
                         net (fo=0)                   0.000     0.000    SYS_TIMING_ENPT/sysclk_p
    AA4                  IBUFDS (Prop_ibufds_I_O)     0.867     0.867 r  SYS_TIMING_ENPT/sysclk_ibufds_inst/O
                         net (fo=1, routed)           1.004     1.870    SYS_TIMING_ENPT/sysclk_ibuf
    MMCME2_ADV_X1Y1      MMCME2_ADV (Prop_mmcme2_adv_CLKIN1_CLKOUT3)
                                                     -6.667    -4.797 r  SYS_TIMING_ENPT/mmcm0_inst/CLKOUT3
                         net (fo=1, routed)           1.712    -3.085    SYS_TIMING_ENPT/mmcm0_clkout3
    BUFGCTRL_X0Y0        BUFG (Prop_bufg_I_O)         0.077    -3.008 r  SYS_TIMING_ENPT/mmcm0_clk3_inst/O
                         net (fo=2469, routed)        0.112    -2.896    ETH_MOD/ETH_MAC_UDP_STACK_COM/eth_mac_inst/eth_mac_1g_gmii_inst/gmii_phy_if_inst/sys_clk125
    BUFGCTRL_X0Y1        BUFGCTRL (Prop_bufgctrl_I0_O)
                                                      0.077    -2.819 r  ETH_MOD/ETH_MAC_UDP_STACK_COM/eth_mac_inst/eth_mac_1g_gmii_inst/gmii_phy_if_inst/gmii_bufgmux_inst/O
                         net (fo=163, routed)         1.373    -1.446    ETH_MOD/ETH_MAC_UDP_STACK_COM/eth_mac_inst/tx_fifo/fifo_inst/tx_clk
    SLICE_X19Y187        FDRE                                         r  ETH_MOD/ETH_MAC_UDP_STACK_COM/eth_mac_inst/tx_fifo/fifo_inst/wr_ptr_commit_sync_reg_reg[7]/C
                         clock pessimism              0.305    -1.141    
    SLICE_X19Y187        FDRE (Setup_fdre_C_D)       -0.201    -1.342    ETH_MOD/ETH_MAC_UDP_STACK_COM/eth_mac_inst/tx_fifo/fifo_inst/wr_ptr_commit_sync_reg_reg[7]
  -------------------------------------------------------------------
                         data arrival                          -0.025    
                         clock arrival                         -1.342    
  -------------------------------------------------------------------
                         relative delay                         1.317    

Reference path:
    Location             Delay type                Incr(ns)  Path(ns)    Netlist Resource(s)
  -------------------------------------------------------------------    -------------------
                         (clock sclk125 rise edge)    0.000     0.000 r  
    AA4                                               0.000     0.000 r  sysclk_p (IN)
                         net (fo=0)                   0.000     0.000    SYS_TIMING_ENPT/sysclk_p
    AA4                  IBUFDS (Prop_ibufds_I_O)     0.867     0.867 r  SYS_TIMING_ENPT/sysclk_ibufds_inst/O
                         net (fo=1, routed)           1.004     1.870    SYS_TIMING_ENPT/sysclk_ibuf
    MMCME2_ADV_X1Y1      MMCME2_ADV (Prop_mmcme2_adv_CLKIN1_CLKOUT3)
                                                     -6.667    -4.797 r  SYS_TIMING_ENPT/mmcm0_inst/CLKOUT3
                         net (fo=1, routed)           1.712    -3.085    SYS_TIMING_ENPT/mmcm0_clkout3
    BUFGCTRL_X0Y0        BUFG (Prop_bufg_I_O)         0.077    -3.008 r  SYS_TIMING_ENPT/mmcm0_clk3_inst/O
                         net (fo=2469, routed)        1.373    -1.635    ETH_MOD/ETH_MAC_UDP_STACK_COM/eth_mac_inst/tx_fifo/fifo_inst/sys_clk125
    SLICE_X21Y189        FDRE                                         r  ETH_MOD/ETH_MAC_UDP_STACK_COM/eth_mac_inst/tx_fifo/fifo_inst/wr_ptr_sync_commit_reg_reg[4]/C
  -------------------------------------------------------------------    -------------------
    SLICE_X21Y189        FDRE (Prop_fdre_C_Q)         0.304    -1.331 r  ETH_MOD/ETH_MAC_UDP_STACK_COM/eth_mac_inst/tx_fifo/fifo_inst/wr_ptr_sync_commit_reg_reg[4]/Q
                         net (fo=1, routed)           0.338    -0.993    ETH_MOD/ETH_MAC_UDP_STACK_COM/eth_mac_inst/tx_fifo/fifo_inst/wr_ptr_sync_commit_reg[4]
    SLICE_X17Y188        FDRE                                         r  ETH_MOD/ETH_MAC_UDP_STACK_COM/eth_mac_inst/tx_fifo/fifo_inst/wr_ptr_commit_sync_reg_reg[4]/D
  -------------------------------------------------------------------    -------------------

                         (clock sclk125 rise edge)    0.000     0.000 r  
    AA4                                               0.000     0.000 r  sysclk_p (IN)
                         net (fo=0)                   0.000     0.000    SYS_TIMING_ENPT/sysclk_p
    AA4                  IBUFDS (Prop_ibufds_I_O)     0.907     0.907 r  SYS_TIMING_ENPT/sysclk_ibufds_inst/O
                         net (fo=1, routed)           1.065     1.972    SYS_TIMING_ENPT/sysclk_ibuf
    MMCME2_ADV_X1Y1      MMCME2_ADV (Prop_mmcme2_adv_CLKIN1_CLKOUT3)
                                                     -6.553    -4.581 r  SYS_TIMING_ENPT/mmcm0_inst/CLKOUT3
                         net (fo=1, routed)           1.797    -2.784    SYS_TIMING_ENPT/mmcm0_clkout3
    BUFGCTRL_X0Y0        BUFG (Prop_bufg_I_O)         0.081    -2.703 r  SYS_TIMING_ENPT/mmcm0_clk3_inst/O
                         net (fo=2469, routed)        0.118    -2.585    ETH_MOD/ETH_MAC_UDP_STACK_COM/eth_mac_inst/eth_mac_1g_gmii_inst/gmii_phy_if_inst/sys_clk125
    BUFGCTRL_X0Y1        BUFGCTRL (Prop_bufgctrl_I0_O)
                                                      0.081    -2.504 r  ETH_MOD/ETH_MAC_UDP_STACK_COM/eth_mac_inst/eth_mac_1g_gmii_inst/gmii_phy_if_inst/gmii_bufgmux_inst/O
                         net (fo=163, routed)         1.482    -1.022    ETH_MOD/ETH_MAC_UDP_STACK_COM/eth_mac_inst/tx_fifo/fifo_inst/tx_clk
    SLICE_X17Y188        FDRE                                         r  ETH_MOD/ETH_MAC_UDP_STACK_COM/eth_mac_inst/tx_fifo/fifo_inst/wr_ptr_commit_sync_reg_reg[4]/C
                         clock pessimism             -0.305    -1.327    
    SLICE_X17Y188        FDRE (Hold_fdre_C_D)         0.162    -1.165    ETH_MOD/ETH_MAC_UDP_STACK_COM/eth_mac_inst/tx_fifo/fifo_inst/wr_ptr_commit_sync_reg_reg[4]
  -------------------------------------------------------------------
                         data arrival                          -0.993    
                         clock arrival                         -1.165    
  -------------------------------------------------------------------
                         relative delay                         0.172    



