Copyright 1986-2022 Xilinx, Inc. All Rights Reserved. Copyright 2022-2023 Advanced Micro Devices, Inc. All Rights Reserved.
------------------------------------------------------------------------------------------------------------------------------------------------------
| Tool Version : Vivado v.2023.1 (win64) Build 3865809 Sun May  7 15:05:29 MDT 2023
| Date         : Thu Nov 30 15:11:45 2023
| Host         : danielA running 64-bit major release  (build 9200)
| Command      : report_bus_skew -warn_on_violation -file daphne1_bus_skew_routed.rpt -pb daphne1_bus_skew_routed.pb -rpx daphne1_bus_skew_routed.rpx
| Design       : daphne1
| Device       : 7a200t-fbg676
| Speed File   : -2  PRODUCTION 1.23 2018-06-13
| Design State : Routed
------------------------------------------------------------------------------------------------------------------------------------------------------

Bus Skew Report

Table of Contents
-----------------
1. Bus Skew Report Summary
2. Bus Skew Report Per Constraint

1. Bus Skew Report Summary
--------------------------

Id  Position  From                            To                              Corner  Requirement(ns)  Actual(ns)  Slack(ns)
--  --------  ------------------------------  ------------------------------  ------  ---------------  ----------  ---------
1   69        [get_cells {{ETH_MOD/ETH_MAC_UDP_STACK_COM/eth_mac_inst/rx_fifo/fifo_inst/rd_ptr_reg_reg[*]} {ETH_MOD/ETH_MAC_UDP_STACK_COM/eth_mac_inst/rx_fifo/fifo_inst/rd_ptr_gray_reg_reg[*]}}]
                                              [get_cells {ETH_MOD/ETH_MAC_UDP_STACK_COM/eth_mac_inst/rx_fifo/fifo_inst/rd_ptr_gray_sync1_reg_reg[*]}]
                                                                              NA                8.000          NA         NA
2   71        [get_cells -quiet {ETH_MOD/ETH_MAC_UDP_STACK_COM/eth_mac_inst/rx_fifo/fifo_inst/wr_ptr_sync_commit_reg_reg[*]}]
                                              [get_cells {ETH_MOD/ETH_MAC_UDP_STACK_COM/eth_mac_inst/rx_fifo/fifo_inst/wr_ptr_commit_sync_reg_reg[*]}]
                                                                              NA                8.000          NA         NA
3   77        [get_cells {{ETH_MOD/ETH_MAC_UDP_STACK_COM/eth_mac_inst/tx_fifo/fifo_inst/rd_ptr_reg_reg[*]} {ETH_MOD/ETH_MAC_UDP_STACK_COM/eth_mac_inst/tx_fifo/fifo_inst/rd_ptr_gray_reg_reg[*]}}]
                                              [get_cells {ETH_MOD/ETH_MAC_UDP_STACK_COM/eth_mac_inst/tx_fifo/fifo_inst/rd_ptr_gray_sync1_reg_reg[*]}]
                                                                              Slow              8.000       0.829      7.171
4   79        [get_cells -quiet {ETH_MOD/ETH_MAC_UDP_STACK_COM/eth_mac_inst/tx_fifo/fifo_inst/wr_ptr_sync_commit_reg_reg[*]}]
                                              [get_cells {ETH_MOD/ETH_MAC_UDP_STACK_COM/eth_mac_inst/tx_fifo/fifo_inst/wr_ptr_commit_sync_reg_reg[*]}]
                                                                              Slow              8.000       1.076      6.924


2. Bus Skew Report Per Constraint
---------------------------------

Id: 1
set_bus_skew -from [get_cells {{ETH_MOD/ETH_MAC_UDP_STACK_COM/eth_mac_inst/rx_fifo/fifo_inst/rd_ptr_reg_reg[*]} {ETH_MOD/ETH_MAC_UDP_STACK_COM/eth_mac_inst/rx_fifo/fifo_inst/rd_ptr_gray_reg_reg[*]}}] -to [get_cells {ETH_MOD/ETH_MAC_UDP_STACK_COM/eth_mac_inst/rx_fifo/fifo_inst/rd_ptr_gray_sync1_reg_reg[*]}] 8.000
Requirement: 8.000ns
Endpoints: 0
No bus skew paths found.


Id: 2
set_bus_skew -from [get_cells -quiet {ETH_MOD/ETH_MAC_UDP_STACK_COM/eth_mac_inst/rx_fifo/fifo_inst/wr_ptr_sync_commit_reg_reg[*]}] -to [get_cells {ETH_MOD/ETH_MAC_UDP_STACK_COM/eth_mac_inst/rx_fifo/fifo_inst/wr_ptr_commit_sync_reg_reg[*]}] 8.000
Requirement: 8.000ns
Endpoints: 0
No bus skew paths found.


Id: 3
set_bus_skew -from [get_cells {{ETH_MOD/ETH_MAC_UDP_STACK_COM/eth_mac_inst/tx_fifo/fifo_inst/rd_ptr_reg_reg[*]} {ETH_MOD/ETH_MAC_UDP_STACK_COM/eth_mac_inst/tx_fifo/fifo_inst/rd_ptr_gray_reg_reg[*]}}] -to [get_cells {ETH_MOD/ETH_MAC_UDP_STACK_COM/eth_mac_inst/tx_fifo/fifo_inst/rd_ptr_gray_sync1_reg_reg[*]}] 8.000
Requirement: 8.000ns
Endpoints: 14

From Clock            To Clock              Endpoint Pin                    Reference Pin                   Corner  Actual(ns)  Slack(ns)
--------------------  --------------------  ------------------------------  ------------------------------  ------  ----------  ---------
sclk125               sclk125               ETH_MOD/ETH_MAC_UDP_STACK_COM/eth_mac_inst/tx_fifo/fifo_inst/rd_ptr_gray_sync1_reg_reg[11]/D
                                                                            ETH_MOD/ETH_MAC_UDP_STACK_COM/eth_mac_inst/tx_fifo/fifo_inst/rd_ptr_gray_sync1_reg_reg[2]/D
                                                                                                            Slow         0.829      7.171


Slack (MET) :             7.171ns  (requirement - actual skew)
  Endpoint Source:        ETH_MOD/ETH_MAC_UDP_STACK_COM/eth_mac_inst/tx_fifo/fifo_inst/rd_ptr_gray_reg_reg[11]/C
                            (rising edge-triggered cell FDRE clocked by sclk125)
  Endpoint Destination:   ETH_MOD/ETH_MAC_UDP_STACK_COM/eth_mac_inst/tx_fifo/fifo_inst/rd_ptr_gray_sync1_reg_reg[11]/D
                            (rising edge-triggered cell FDRE clocked by sclk125)
  Reference Source:       ETH_MOD/ETH_MAC_UDP_STACK_COM/eth_mac_inst/tx_fifo/fifo_inst/rd_ptr_gray_reg_reg[2]/C
                            (rising edge-triggered cell FDRE clocked by sclk125)
  Reference Destination:  ETH_MOD/ETH_MAC_UDP_STACK_COM/eth_mac_inst/tx_fifo/fifo_inst/rd_ptr_gray_sync1_reg_reg[2]/D
                            (rising edge-triggered cell FDRE clocked by sclk125)
  Path Type:              Bus Skew (Max at Slow Process Corner)
  Requirement:            8.000ns
  Endpoint Relative Delay:    1.573ns
  Reference Relative Delay:   0.661ns
  Relative CRPR:              0.083ns
  Actual Bus Skew:            0.829ns  (Endpoint Relative Delay - Reference Relative Delay - Relative CRPR)

Endpoint path:
    Location             Delay type                Incr(ns)  Path(ns)    Netlist Resource(s)
  -------------------------------------------------------------------    -------------------
                         (clock sclk125 rise edge)    0.000     0.000 r  
    AA4                                               0.000     0.000 r  sysclk_p (IN)
                         net (fo=0)                   0.000     0.000    SYS_TIMING_ENPT/sysclk_p
    AA4                  IBUFDS (Prop_ibufds_I_O)     0.907     0.907 r  SYS_TIMING_ENPT/sysclk_ibufds_inst/O
                         net (fo=1, routed)           1.065     1.972    SYS_TIMING_ENPT/sysclk_ibuf
    MMCME2_ADV_X1Y1      MMCME2_ADV (Prop_mmcme2_adv_CLKIN1_CLKOUT3)
                                                     -6.553    -4.581 r  SYS_TIMING_ENPT/mmcm0_inst/CLKOUT3
                         net (fo=1, routed)           1.797    -2.784    SYS_TIMING_ENPT/mmcm0_clkout3
    BUFGCTRL_X0Y0        BUFG (Prop_bufg_I_O)         0.081    -2.703 r  SYS_TIMING_ENPT/mmcm0_clk3_inst/O
                         net (fo=2469, routed)        0.118    -2.585    ETH_MOD/ETH_MAC_UDP_STACK_COM/eth_mac_inst/eth_mac_1g_gmii_inst/gmii_phy_if_inst/sys_clk125
    BUFGCTRL_X0Y1        BUFGCTRL (Prop_bufgctrl_I0_O)
                                                      0.081    -2.504 r  ETH_MOD/ETH_MAC_UDP_STACK_COM/eth_mac_inst/eth_mac_1g_gmii_inst/gmii_phy_if_inst/gmii_bufgmux_inst/O
                         net (fo=163, routed)         1.595    -0.909    ETH_MOD/ETH_MAC_UDP_STACK_COM/eth_mac_inst/tx_fifo/fifo_inst/tx_clk
    SLICE_X138Y200       FDRE                                         r  ETH_MOD/ETH_MAC_UDP_STACK_COM/eth_mac_inst/tx_fifo/fifo_inst/rd_ptr_gray_reg_reg[11]/C
  -------------------------------------------------------------------    -------------------
    SLICE_X138Y200       FDRE (Prop_fdre_C_Q)         0.379    -0.530 r  ETH_MOD/ETH_MAC_UDP_STACK_COM/eth_mac_inst/tx_fifo/fifo_inst/rd_ptr_gray_reg_reg[11]/Q
                         net (fo=1, routed)           0.687     0.157    ETH_MOD/ETH_MAC_UDP_STACK_COM/eth_mac_inst/tx_fifo/fifo_inst/rd_ptr_gray_reg[11]
    SLICE_X145Y199       FDRE                                         r  ETH_MOD/ETH_MAC_UDP_STACK_COM/eth_mac_inst/tx_fifo/fifo_inst/rd_ptr_gray_sync1_reg_reg[11]/D
  -------------------------------------------------------------------    -------------------

                         (clock sclk125 rise edge)    0.000     0.000 r  
    AA4                                               0.000     0.000 r  sysclk_p (IN)
                         net (fo=0)                   0.000     0.000    SYS_TIMING_ENPT/sysclk_p
    AA4                  IBUFDS (Prop_ibufds_I_O)     0.867     0.867 r  SYS_TIMING_ENPT/sysclk_ibufds_inst/O
                         net (fo=1, routed)           1.004     1.870    SYS_TIMING_ENPT/sysclk_ibuf
    MMCME2_ADV_X1Y1      MMCME2_ADV (Prop_mmcme2_adv_CLKIN1_CLKOUT3)
                                                     -6.667    -4.797 r  SYS_TIMING_ENPT/mmcm0_inst/CLKOUT3
                         net (fo=1, routed)           1.712    -3.085    SYS_TIMING_ENPT/mmcm0_clkout3
    BUFGCTRL_X0Y0        BUFG (Prop_bufg_I_O)         0.077    -3.008 r  SYS_TIMING_ENPT/mmcm0_clk3_inst/O
                         net (fo=2469, routed)        1.362    -1.646    ETH_MOD/ETH_MAC_UDP_STACK_COM/eth_mac_inst/tx_fifo/fifo_inst/sys_clk125
    SLICE_X145Y199       FDRE                                         r  ETH_MOD/ETH_MAC_UDP_STACK_COM/eth_mac_inst/tx_fifo/fifo_inst/rd_ptr_gray_sync1_reg_reg[11]/C
                         clock pessimism              0.305    -1.341    
    SLICE_X145Y199       FDRE (Setup_fdre_C_D)       -0.075    -1.416    ETH_MOD/ETH_MAC_UDP_STACK_COM/eth_mac_inst/tx_fifo/fifo_inst/rd_ptr_gray_sync1_reg_reg[11]
  -------------------------------------------------------------------
                         data arrival                           0.157    
                         clock arrival                         -1.416    
  -------------------------------------------------------------------
                         relative delay                         1.573    

Reference path:
    Location             Delay type                Incr(ns)  Path(ns)    Netlist Resource(s)
  -------------------------------------------------------------------    -------------------
                         (clock sclk125 rise edge)    0.000     0.000 r  
    AA4                                               0.000     0.000 r  sysclk_p (IN)
                         net (fo=0)                   0.000     0.000    SYS_TIMING_ENPT/sysclk_p
    AA4                  IBUFDS (Prop_ibufds_I_O)     0.867     0.867 r  SYS_TIMING_ENPT/sysclk_ibufds_inst/O
                         net (fo=1, routed)           1.004     1.870    SYS_TIMING_ENPT/sysclk_ibuf
    MMCME2_ADV_X1Y1      MMCME2_ADV (Prop_mmcme2_adv_CLKIN1_CLKOUT3)
                                                     -6.667    -4.797 r  SYS_TIMING_ENPT/mmcm0_inst/CLKOUT3
                         net (fo=1, routed)           1.712    -3.085    SYS_TIMING_ENPT/mmcm0_clkout3
    BUFGCTRL_X0Y0        BUFG (Prop_bufg_I_O)         0.077    -3.008 r  SYS_TIMING_ENPT/mmcm0_clk3_inst/O
                         net (fo=2469, routed)        0.112    -2.896    ETH_MOD/ETH_MAC_UDP_STACK_COM/eth_mac_inst/eth_mac_1g_gmii_inst/gmii_phy_if_inst/sys_clk125
    BUFGCTRL_X0Y1        BUFGCTRL (Prop_bufgctrl_I0_O)
                                                      0.077    -2.819 r  ETH_MOD/ETH_MAC_UDP_STACK_COM/eth_mac_inst/eth_mac_1g_gmii_inst/gmii_phy_if_inst/gmii_bufgmux_inst/O
                         net (fo=163, routed)         1.307    -1.512    ETH_MOD/ETH_MAC_UDP_STACK_COM/eth_mac_inst/tx_fifo/fifo_inst/tx_clk
    SLICE_X138Y198       FDRE                                         r  ETH_MOD/ETH_MAC_UDP_STACK_COM/eth_mac_inst/tx_fifo/fifo_inst/rd_ptr_gray_reg_reg[2]/C
  -------------------------------------------------------------------    -------------------
    SLICE_X138Y198       FDRE (Prop_fdre_C_Q)         0.279    -1.233 r  ETH_MOD/ETH_MAC_UDP_STACK_COM/eth_mac_inst/tx_fifo/fifo_inst/rd_ptr_gray_reg_reg[2]/Q
                         net (fo=1, routed)           0.384    -0.849    ETH_MOD/ETH_MAC_UDP_STACK_COM/eth_mac_inst/tx_fifo/fifo_inst/rd_ptr_gray_reg[2]
    SLICE_X143Y198       FDRE                                         r  ETH_MOD/ETH_MAC_UDP_STACK_COM/eth_mac_inst/tx_fifo/fifo_inst/rd_ptr_gray_sync1_reg_reg[2]/D
  -------------------------------------------------------------------    -------------------

                         (clock sclk125 rise edge)    0.000     0.000 r  
    AA4                                               0.000     0.000 r  sysclk_p (IN)
                         net (fo=0)                   0.000     0.000    SYS_TIMING_ENPT/sysclk_p
    AA4                  IBUFDS (Prop_ibufds_I_O)     0.907     0.907 r  SYS_TIMING_ENPT/sysclk_ibufds_inst/O
                         net (fo=1, routed)           1.065     1.972    SYS_TIMING_ENPT/sysclk_ibuf
    MMCME2_ADV_X1Y1      MMCME2_ADV (Prop_mmcme2_adv_CLKIN1_CLKOUT3)
                                                     -6.553    -4.581 r  SYS_TIMING_ENPT/mmcm0_inst/CLKOUT3
                         net (fo=1, routed)           1.797    -2.784    SYS_TIMING_ENPT/mmcm0_clkout3
    BUFGCTRL_X0Y0        BUFG (Prop_bufg_I_O)         0.081    -2.703 r  SYS_TIMING_ENPT/mmcm0_clk3_inst/O
                         net (fo=2469, routed)        1.470    -1.233    ETH_MOD/ETH_MAC_UDP_STACK_COM/eth_mac_inst/tx_fifo/fifo_inst/sys_clk125
    SLICE_X143Y198       FDRE                                         r  ETH_MOD/ETH_MAC_UDP_STACK_COM/eth_mac_inst/tx_fifo/fifo_inst/rd_ptr_gray_sync1_reg_reg[2]/C
                         clock pessimism             -0.305    -1.538    
    SLICE_X143Y198       FDRE (Hold_fdre_C_D)         0.028    -1.510    ETH_MOD/ETH_MAC_UDP_STACK_COM/eth_mac_inst/tx_fifo/fifo_inst/rd_ptr_gray_sync1_reg_reg[2]
  -------------------------------------------------------------------
                         data arrival                          -0.849    
                         clock arrival                         -1.510    
  -------------------------------------------------------------------
                         relative delay                         0.661    



Id: 4
set_bus_skew -from [get_cells -quiet {ETH_MOD/ETH_MAC_UDP_STACK_COM/eth_mac_inst/tx_fifo/fifo_inst/wr_ptr_sync_commit_reg_reg[*]}] -to [get_cells {ETH_MOD/ETH_MAC_UDP_STACK_COM/eth_mac_inst/tx_fifo/fifo_inst/wr_ptr_commit_sync_reg_reg[*]}] 8.000
Requirement: 8.000ns
Endpoints: 14

From Clock            To Clock              Endpoint Pin                    Reference Pin                   Corner  Actual(ns)  Slack(ns)
--------------------  --------------------  ------------------------------  ------------------------------  ------  ----------  ---------
sclk125               sclk125               ETH_MOD/ETH_MAC_UDP_STACK_COM/eth_mac_inst/tx_fifo/fifo_inst/wr_ptr_commit_sync_reg_reg[13]/D
                                                                            ETH_MOD/ETH_MAC_UDP_STACK_COM/eth_mac_inst/tx_fifo/fifo_inst/wr_ptr_commit_sync_reg_reg[3]/D
                                                                                                            Slow         1.076      6.924


Slack (MET) :             6.924ns  (requirement - actual skew)
  Endpoint Source:        ETH_MOD/ETH_MAC_UDP_STACK_COM/eth_mac_inst/tx_fifo/fifo_inst/wr_ptr_sync_commit_reg_reg[13]/C
                            (rising edge-triggered cell FDRE clocked by sclk125)
  Endpoint Destination:   ETH_MOD/ETH_MAC_UDP_STACK_COM/eth_mac_inst/tx_fifo/fifo_inst/wr_ptr_commit_sync_reg_reg[13]/D
                            (rising edge-triggered cell FDRE clocked by sclk125)
  Reference Source:       ETH_MOD/ETH_MAC_UDP_STACK_COM/eth_mac_inst/tx_fifo/fifo_inst/wr_ptr_sync_commit_reg_reg[3]/C
                            (rising edge-triggered cell FDRE clocked by sclk125)
  Reference Destination:  ETH_MOD/ETH_MAC_UDP_STACK_COM/eth_mac_inst/tx_fifo/fifo_inst/wr_ptr_commit_sync_reg_reg[3]/D
                            (rising edge-triggered cell FDRE clocked by sclk125)
  Path Type:              Bus Skew (Max at Slow Process Corner)
  Requirement:            8.000ns
  Endpoint Relative Delay:    1.413ns
  Reference Relative Delay:   0.230ns
  Relative CRPR:              0.107ns
  Actual Bus Skew:            1.076ns  (Endpoint Relative Delay - Reference Relative Delay - Relative CRPR)

Endpoint path:
    Location             Delay type                Incr(ns)  Path(ns)    Netlist Resource(s)
  -------------------------------------------------------------------    -------------------
                         (clock sclk125 rise edge)    0.000     0.000 r  
    AA4                                               0.000     0.000 r  sysclk_p (IN)
                         net (fo=0)                   0.000     0.000    SYS_TIMING_ENPT/sysclk_p
    AA4                  IBUFDS (Prop_ibufds_I_O)     0.907     0.907 r  SYS_TIMING_ENPT/sysclk_ibufds_inst/O
                         net (fo=1, routed)           1.065     1.972    SYS_TIMING_ENPT/sysclk_ibuf
    MMCME2_ADV_X1Y1      MMCME2_ADV (Prop_mmcme2_adv_CLKIN1_CLKOUT3)
                                                     -6.553    -4.581 r  SYS_TIMING_ENPT/mmcm0_inst/CLKOUT3
                         net (fo=1, routed)           1.797    -2.784    SYS_TIMING_ENPT/mmcm0_clkout3
    BUFGCTRL_X0Y0        BUFG (Prop_bufg_I_O)         0.081    -2.703 r  SYS_TIMING_ENPT/mmcm0_clk3_inst/O
                         net (fo=2469, routed)        1.649    -1.054    ETH_MOD/ETH_MAC_UDP_STACK_COM/eth_mac_inst/tx_fifo/fifo_inst/sys_clk125
    SLICE_X143Y201       FDRE                                         r  ETH_MOD/ETH_MAC_UDP_STACK_COM/eth_mac_inst/tx_fifo/fifo_inst/wr_ptr_sync_commit_reg_reg[13]/C
  -------------------------------------------------------------------    -------------------
    SLICE_X143Y201       FDRE (Prop_fdre_C_Q)         0.348    -0.706 r  ETH_MOD/ETH_MAC_UDP_STACK_COM/eth_mac_inst/tx_fifo/fifo_inst/wr_ptr_sync_commit_reg_reg[13]/Q
                         net (fo=1, routed)           0.870     0.164    ETH_MOD/ETH_MAC_UDP_STACK_COM/eth_mac_inst/tx_fifo/fifo_inst/wr_ptr_sync_commit_reg[13]
    SLICE_X137Y201       FDRE                                         r  ETH_MOD/ETH_MAC_UDP_STACK_COM/eth_mac_inst/tx_fifo/fifo_inst/wr_ptr_commit_sync_reg_reg[13]/D
  -------------------------------------------------------------------    -------------------

                         (clock sclk125 rise edge)    0.000     0.000 r  
    AA4                                               0.000     0.000 r  sysclk_p (IN)
                         net (fo=0)                   0.000     0.000    SYS_TIMING_ENPT/sysclk_p
    AA4                  IBUFDS (Prop_ibufds_I_O)     0.867     0.867 r  SYS_TIMING_ENPT/sysclk_ibufds_inst/O
                         net (fo=1, routed)           1.004     1.870    SYS_TIMING_ENPT/sysclk_ibuf
    MMCME2_ADV_X1Y1      MMCME2_ADV (Prop_mmcme2_adv_CLKIN1_CLKOUT3)
                                                     -6.667    -4.797 r  SYS_TIMING_ENPT/mmcm0_inst/CLKOUT3
                         net (fo=1, routed)           1.712    -3.085    SYS_TIMING_ENPT/mmcm0_clkout3
    BUFGCTRL_X0Y0        BUFG (Prop_bufg_I_O)         0.077    -3.008 r  SYS_TIMING_ENPT/mmcm0_clk3_inst/O
                         net (fo=2469, routed)        0.112    -2.896    ETH_MOD/ETH_MAC_UDP_STACK_COM/eth_mac_inst/eth_mac_1g_gmii_inst/gmii_phy_if_inst/sys_clk125
    BUFGCTRL_X0Y1        BUFGCTRL (Prop_bufgctrl_I0_O)
                                                      0.077    -2.819 r  ETH_MOD/ETH_MAC_UDP_STACK_COM/eth_mac_inst/eth_mac_1g_gmii_inst/gmii_phy_if_inst/gmii_bufgmux_inst/O
                         net (fo=163, routed)         1.477    -1.342    ETH_MOD/ETH_MAC_UDP_STACK_COM/eth_mac_inst/tx_fifo/fifo_inst/tx_clk
    SLICE_X137Y201       FDRE                                         r  ETH_MOD/ETH_MAC_UDP_STACK_COM/eth_mac_inst/tx_fifo/fifo_inst/wr_ptr_commit_sync_reg_reg[13]/C
                         clock pessimism              0.305    -1.037    
    SLICE_X137Y201       FDRE (Setup_fdre_C_D)       -0.211    -1.248    ETH_MOD/ETH_MAC_UDP_STACK_COM/eth_mac_inst/tx_fifo/fifo_inst/wr_ptr_commit_sync_reg_reg[13]
  -------------------------------------------------------------------
                         data arrival                           0.164    
                         clock arrival                         -1.248    
  -------------------------------------------------------------------
                         relative delay                         1.413    

Reference path:
    Location             Delay type                Incr(ns)  Path(ns)    Netlist Resource(s)
  -------------------------------------------------------------------    -------------------
                         (clock sclk125 rise edge)    0.000     0.000 r  
    AA4                                               0.000     0.000 r  sysclk_p (IN)
                         net (fo=0)                   0.000     0.000    SYS_TIMING_ENPT/sysclk_p
    AA4                  IBUFDS (Prop_ibufds_I_O)     0.867     0.867 r  SYS_TIMING_ENPT/sysclk_ibufds_inst/O
                         net (fo=1, routed)           1.004     1.870    SYS_TIMING_ENPT/sysclk_ibuf
    MMCME2_ADV_X1Y1      MMCME2_ADV (Prop_mmcme2_adv_CLKIN1_CLKOUT3)
                                                     -6.667    -4.797 r  SYS_TIMING_ENPT/mmcm0_inst/CLKOUT3
                         net (fo=1, routed)           1.712    -3.085    SYS_TIMING_ENPT/mmcm0_clkout3
    BUFGCTRL_X0Y0        BUFG (Prop_bufg_I_O)         0.077    -3.008 r  SYS_TIMING_ENPT/mmcm0_clk3_inst/O
                         net (fo=2469, routed)        1.361    -1.647    ETH_MOD/ETH_MAC_UDP_STACK_COM/eth_mac_inst/tx_fifo/fifo_inst/sys_clk125
    SLICE_X140Y199       FDRE                                         r  ETH_MOD/ETH_MAC_UDP_STACK_COM/eth_mac_inst/tx_fifo/fifo_inst/wr_ptr_sync_commit_reg_reg[3]/C
  -------------------------------------------------------------------    -------------------
    SLICE_X140Y199       FDRE (Prop_fdre_C_Q)         0.319    -1.328 r  ETH_MOD/ETH_MAC_UDP_STACK_COM/eth_mac_inst/tx_fifo/fifo_inst/wr_ptr_sync_commit_reg_reg[3]/Q
                         net (fo=1, routed)           0.406    -0.922    ETH_MOD/ETH_MAC_UDP_STACK_COM/eth_mac_inst/tx_fifo/fifo_inst/wr_ptr_sync_commit_reg[3]
    SLICE_X138Y201       FDRE                                         r  ETH_MOD/ETH_MAC_UDP_STACK_COM/eth_mac_inst/tx_fifo/fifo_inst/wr_ptr_commit_sync_reg_reg[3]/D
  -------------------------------------------------------------------    -------------------

                         (clock sclk125 rise edge)    0.000     0.000 r  
    AA4                                               0.000     0.000 r  sysclk_p (IN)
                         net (fo=0)                   0.000     0.000    SYS_TIMING_ENPT/sysclk_p
    AA4                  IBUFDS (Prop_ibufds_I_O)     0.907     0.907 r  SYS_TIMING_ENPT/sysclk_ibufds_inst/O
                         net (fo=1, routed)           1.065     1.972    SYS_TIMING_ENPT/sysclk_ibuf
    MMCME2_ADV_X1Y1      MMCME2_ADV (Prop_mmcme2_adv_CLKIN1_CLKOUT3)
                                                     -6.553    -4.581 r  SYS_TIMING_ENPT/mmcm0_inst/CLKOUT3
                         net (fo=1, routed)           1.797    -2.784    SYS_TIMING_ENPT/mmcm0_clkout3
    BUFGCTRL_X0Y0        BUFG (Prop_bufg_I_O)         0.081    -2.703 r  SYS_TIMING_ENPT/mmcm0_clk3_inst/O
                         net (fo=2469, routed)        0.118    -2.585    ETH_MOD/ETH_MAC_UDP_STACK_COM/eth_mac_inst/eth_mac_1g_gmii_inst/gmii_phy_if_inst/sys_clk125
    BUFGCTRL_X0Y1        BUFGCTRL (Prop_bufgctrl_I0_O)
                                                      0.081    -2.504 r  ETH_MOD/ETH_MAC_UDP_STACK_COM/eth_mac_inst/eth_mac_1g_gmii_inst/gmii_phy_if_inst/gmii_bufgmux_inst/O
                         net (fo=163, routed)         1.595    -0.909    ETH_MOD/ETH_MAC_UDP_STACK_COM/eth_mac_inst/tx_fifo/fifo_inst/tx_clk
    SLICE_X138Y201       FDRE                                         r  ETH_MOD/ETH_MAC_UDP_STACK_COM/eth_mac_inst/tx_fifo/fifo_inst/wr_ptr_commit_sync_reg_reg[3]/C
                         clock pessimism             -0.305    -1.214    
    SLICE_X138Y201       FDRE (Hold_fdre_C_D)         0.062    -1.152    ETH_MOD/ETH_MAC_UDP_STACK_COM/eth_mac_inst/tx_fifo/fifo_inst/wr_ptr_commit_sync_reg_reg[3]
  -------------------------------------------------------------------
                         data arrival                          -0.922    
                         clock arrival                         -1.152    
  -------------------------------------------------------------------
                         relative delay                         0.230    



