Copyright 1986-2022 Xilinx, Inc. All Rights Reserved. Copyright 2022-2023 Advanced Micro Devices, Inc. All Rights Reserved.
---------------------------------------------------------------------------------------------------------------------------------------------
| Tool Version : Vivado v.2023.1 (win64) Build 3865809 Sun May  7 15:05:29 MDT 2023
| Date         : Fri Nov 17 15:01:07 2023
| Host         : danielA running 64-bit major release  (build 9200)
| Command      : report_drc -file daphne1_drc_routed.rpt -pb daphne1_drc_routed.pb -rpx daphne1_drc_routed.rpx
| Design       : daphne1
| Device       : xc7a200tfbg676-2
| Speed File   : -2
| Design State : Fully Routed
---------------------------------------------------------------------------------------------------------------------------------------------

Report DRC

Table of Contents
-----------------
1. REPORT SUMMARY
2. REPORT DETAILS

1. REPORT SUMMARY
-----------------
            Netlist: netlist
          Floorplan: design_1
      Design limits: <entire design considered>
           Ruledeck: default
             Max violations: <unlimited>
             Violations found: 4
+-----------+----------+-----------------+------------+
| Rule      | Severity | Description     | Violations |
+-----------+----------+-----------------+------------+
| REQP-1580 | Warning  | Phase alignment | 4          |
+-----------+----------+-----------------+------------+

2. REPORT DETAILS
-----------------
REQP-1580#1 Warning
Phase alignment  
Unsupported clocking topology used for ISERDESE2 AFE0_CH_0/DATA_COM/DATA_ISER/ISERDESE2_M_inst. This can result in corrupted data. The AFE0_CH_0/DATA_COM/DATA_ISER/ISERDESE2_M_inst/CLK / AFE0_CH_0/DATA_COM/DATA_ISER/ISERDESE2_M_inst/CLKDIV pins should be driven by the same source through the same buffer type or by a BUFIO / BUFR combination in order to have a proper phase relationship. Please refer to the Select I/O User Guide for supported clocking topologies of the chosen INTERFACE_TYPE mode.
Related violations: <none>

REQP-1580#2 Warning
Phase alignment  
Unsupported clocking topology used for ISERDESE2 AFE0_CH_0/DATA_COM/DATA_ISER/ISERDESE2_S_inst. This can result in corrupted data. The AFE0_CH_0/DATA_COM/DATA_ISER/ISERDESE2_S_inst/CLK / AFE0_CH_0/DATA_COM/DATA_ISER/ISERDESE2_S_inst/CLKDIV pins should be driven by the same source through the same buffer type or by a BUFIO / BUFR combination in order to have a proper phase relationship. Please refer to the Select I/O User Guide for supported clocking topologies of the chosen INTERFACE_TYPE mode.
Related violations: <none>

REQP-1580#3 Warning
Phase alignment  
Unsupported clocking topology used for ISERDESE2 AFE0_CH_0/DATA_COM/ISER_FR/ISERDESE2_M_inst. This can result in corrupted data. The AFE0_CH_0/DATA_COM/ISER_FR/ISERDESE2_M_inst/CLK / AFE0_CH_0/DATA_COM/ISER_FR/ISERDESE2_M_inst/CLKDIV pins should be driven by the same source through the same buffer type or by a BUFIO / BUFR combination in order to have a proper phase relationship. Please refer to the Select I/O User Guide for supported clocking topologies of the chosen INTERFACE_TYPE mode.
Related violations: <none>

REQP-1580#4 Warning
Phase alignment  
Unsupported clocking topology used for ISERDESE2 AFE0_CH_0/DATA_COM/ISER_FR/ISERDESE2_S_inst. This can result in corrupted data. The AFE0_CH_0/DATA_COM/ISER_FR/ISERDESE2_S_inst/CLK / AFE0_CH_0/DATA_COM/ISER_FR/ISERDESE2_S_inst/CLKDIV pins should be driven by the same source through the same buffer type or by a BUFIO / BUFR combination in order to have a proper phase relationship. Please refer to the Select I/O User Guide for supported clocking topologies of the chosen INTERFACE_TYPE mode.
Related violations: <none>


