Copyright 1986-2022 Xilinx, Inc. All Rights Reserved. Copyright 2022-2023 Advanced Micro Devices, Inc. All Rights Reserved.
---------------------------------------------------------------------------------------------------------------------------------------------
| Tool Version : Vivado v.2023.1 (win64) Build 3865809 Sun May  7 15:05:29 MDT 2023
| Date         : Fri Nov 17 08:22:09 2023
| Host         : danielA running 64-bit major release  (build 9200)
| Command      : report_clock_utilization -file daphne1_clock_utilization_routed.rpt
| Design       : daphne1
| Device       : 7a200t-fbg676
| Speed File   : -2  PRODUCTION 1.23 2018-06-13
| Design State : Routed
---------------------------------------------------------------------------------------------------------------------------------------------

Clock Utilization Report

Table of Contents
-----------------
1. Clock Primitive Utilization
2. Global Clock Resources
3. Global Clock Source Details
4. Local Clock Details
5. Clock Regions: Key Resource Utilization
6. Clock Regions : Global Clock Summary
7. Device Cell Placement Summary for Global Clock g0
8. Device Cell Placement Summary for Global Clock g1
9. Device Cell Placement Summary for Global Clock g2
10. Device Cell Placement Summary for Global Clock g3
11. Device Cell Placement Summary for Global Clock g4
12. Device Cell Placement Summary for Global Clock g5
13. Device Cell Placement Summary for Global Clock g6
14. Device Cell Placement Summary for Global Clock g7
15. Device Cell Placement Summary for Global Clock g8
16. Device Cell Placement Summary for Global Clock g9
17. Device Cell Placement Summary for Global Clock g10
18. Device Cell Placement Summary for Global Clock g11
19. Device Cell Placement Summary for Global Clock g12
20. Device Cell Placement Summary for Global Clock g13
21. Device Cell Placement Summary for Global Clock g14
22. Clock Region Cell Placement per Global Clock: Region X0Y0
23. Clock Region Cell Placement per Global Clock: Region X1Y0
24. Clock Region Cell Placement per Global Clock: Region X0Y1
25. Clock Region Cell Placement per Global Clock: Region X1Y1
26. Clock Region Cell Placement per Global Clock: Region X0Y2
27. Clock Region Cell Placement per Global Clock: Region X1Y2
28. Clock Region Cell Placement per Global Clock: Region X0Y3
29. Clock Region Cell Placement per Global Clock: Region X1Y3
30. Clock Region Cell Placement per Global Clock: Region X0Y4

1. Clock Primitive Utilization
------------------------------

+----------+------+-----------+-----+--------------+--------+
| Type     | Used | Available | LOC | Clock Region | Pblock |
+----------+------+-----------+-----+--------------+--------+
| BUFGCTRL |   15 |        32 |   1 |            0 |      0 |
| BUFH     |    0 |       120 |   0 |            0 |      0 |
| BUFIO    |    0 |        40 |   0 |            0 |      0 |
| BUFMR    |    0 |        20 |   0 |            0 |      0 |
| BUFR     |    0 |        40 |   0 |            0 |      0 |
| MMCM     |    2 |        10 |   0 |            0 |      0 |
| PLL      |    1 |        10 |   0 |            0 |      0 |
+----------+------+-----------+-----+--------------+--------+


2. Global Clock Resources
-------------------------

+-----------+-----------+-----------------+---------------+----------------+--------------+-------------------+-------------+-----------------+--------------+---------------------------------------------------------------------------------------------------------------------+------------------------------------------------------------------------------------------------------+------------------------------------------------------------------------------------------------------+
| Global Id | Source Id | Driver Type/Pin | Constraint    | Site           | Clock Region | Load Clock Region | Clock Loads | Non-Clock Loads | Clock Period | Clock                                                                                                               | Driver Pin                                                                                           | Net                                                                                                  |
+-----------+-----------+-----------------+---------------+----------------+--------------+-------------------+-------------+-----------------+--------------+---------------------------------------------------------------------------------------------------------------------+------------------------------------------------------------------------------------------------------+------------------------------------------------------------------------------------------------------+
| g0        | src0      | BUFGCTRL/O      | None          | BUFGCTRL_X0Y11 | n/a          |                 7 |        2978 |               0 |       16.002 | afe0_pll_dig_div1                                                                                                   | AFE0_CH_0/CLK_COM/MUX_CLK_DIV_COM/MUX_Out/BUFGMUX_CTRL_inst/O                                        | AFE0_CH_0/CLK_COM/MUX_CLK_DIV_COM/MUX_Out/BUFGMUX_CTRL_inst_0                                        |
| g0        | src1      | BUFGCTRL/O      | None          | BUFGCTRL_X0Y11 | n/a          |                 7 |        2978 |               0 |       16.002 | afe0_pll_dig_div2                                                                                                   | AFE0_CH_0/CLK_COM/MUX_CLK_DIV_COM/MUX_Out/BUFGMUX_CTRL_inst/O                                        | AFE0_CH_0/CLK_COM/MUX_CLK_DIV_COM/MUX_Out/BUFGMUX_CTRL_inst_0                                        |
| g1        | src2      | BUFG/O          | None          | BUFGCTRL_X0Y0  | n/a          |                 4 |        2336 |               0 |        8.000 | sclk125                                                                                                             | SYS_TIMING_ENPT/mmcm0_clk3_inst/O                                                                    | SYS_TIMING_ENPT/sys_clk125                                                                           |
| g2        | src3      | BUFG/O          | BUFGCTRL_X0Y2 | BUFGCTRL_X0Y2  | n/a          |                 3 |         646 |               0 |        8.000 | oeiclk                                                                                                              | ETH_MOD/ETH_PHY_COM/U0/core_clocking_i/bufg_userclk2/O                                               | ETH_MOD/ETH_PHY_COM/U0/core_clocking_i/userclk2                                                      |
| g3        | src4      | BUFG/O          | None          | BUFGCTRL_X0Y6  | n/a          |                 2 |         289 |               0 |        5.000 | sclk200                                                                                                             | SYS_TIMING_ENPT/mmcm0_clk1_inst/O                                                                    | SYS_TIMING_ENPT/independent_clock_bufg                                                               |
| g4        | src2      | BUFGCTRL/O      | None          | BUFGCTRL_X0Y1  | n/a          |                 1 |         163 |               0 |        8.000 | sclk125                                                                                                             | ETH_MOD/ETH_MAC_UDP_STACK_COM/eth_mac_inst/eth_mac_1g_gmii_inst/gmii_phy_if_inst/gmii_bufgmux_inst/O | ETH_MOD/ETH_MAC_UDP_STACK_COM/eth_mac_inst/eth_mac_1g_gmii_inst/gmii_phy_if_inst/gmii_bufgmux_inst_0 |
| g4        | src3      | BUFGCTRL/O      | None          | BUFGCTRL_X0Y1  | n/a          |                 1 |         163 |               0 |        8.000 | oeiclk                                                                                                              | ETH_MOD/ETH_MAC_UDP_STACK_COM/eth_mac_inst/eth_mac_1g_gmii_inst/gmii_phy_if_inst/gmii_bufgmux_inst/O | ETH_MOD/ETH_MAC_UDP_STACK_COM/eth_mac_inst/eth_mac_1g_gmii_inst/gmii_phy_if_inst/gmii_bufgmux_inst_0 |
| g5        | src5      | BUFG/O          | None          | BUFGCTRL_X0Y3  | n/a          |                 1 |         111 |               0 |       16.000 | oeihclk                                                                                                             | ETH_MOD/ETH_PHY_COM/U0/core_clocking_i/bufg_userclk/O                                                | ETH_MOD/ETH_PHY_COM/U0/core_clocking_i/userclk                                                       |
| g6        | src6      | BUFG/O          | None          | BUFGCTRL_X0Y31 | n/a          |                 2 |          76 |               0 |        8.317 | daq_refclk                                                                                                          | ETH_MOD/ETH_PHY_COM/U0/core_clocking_i/bufg_gtrefclk/O                                               | ETH_MOD/ETH_PHY_COM/U0/core_clocking_i/gtrefclk_bufg                                                 |
| g7        | src7      | BUFG/O          | None          | BUFGCTRL_X0Y5  | n/a          |                 2 |          26 |               0 |       16.000 | sclk62_5                                                                                                            | SYS_TIMING_ENPT/mmcm0_clk0_inst/O                                                                    | SYS_TIMING_ENPT/CLK                                                                                  |
| g8        | src8      | BUFGCTRL/O      | None          | BUFGCTRL_X0Y9  | n/a          |                 1 |          16 |               0 |        2.286 | afe0_pll_dig0                                                                                                       | AFE0_CH_0/CLK_COM/MUX_CLK_COM/MUX_Out/BUFGMUX_CTRL_inst/O                                            | AFE0_CH_0/CLK_COM/MUX_CLK_COM/MUX_Out/clk                                                            |
| g8        | src9      | BUFGCTRL/O      | None          | BUFGCTRL_X0Y9  | n/a          |                 1 |          16 |               0 |        2.286 | afe0_pll_dig2                                                                                                       | AFE0_CH_0/CLK_COM/MUX_CLK_COM/MUX_Out/BUFGMUX_CTRL_inst/O                                            | AFE0_CH_0/CLK_COM/MUX_CLK_COM/MUX_Out/clk                                                            |
| g9        | src10     | BUFG/O          | None          | BUFGCTRL_X0Y7  | n/a          |                 1 |           2 |               0 |       10.000 | sclk100                                                                                                             | SYS_TIMING_ENPT/mmcm0_clk2_inst/O                                                                    | SYS_TIMING_ENPT/sys_clk100                                                                           |
| g10       | src8      | BUFGCTRL/O      | None          | BUFGCTRL_X0Y8  | n/a          |                 1 |           1 |               0 |        2.286 | afe0_pll_dig0                                                                                                       | AFE0_CH_0/CLK_COM/MUX_CLK_COM/MUX_In/BUFGMUX_CTRL_inst/O                                             | AFE0_CH_0/CLK_COM/MUX_CLK_COM/MUX_In/clk_out                                                         |
| g10       | src11     | BUFGCTRL/O      | None          | BUFGCTRL_X0Y8  | n/a          |                 1 |           1 |               0 |        2.286 | afe0_pll_dig1                                                                                                       | AFE0_CH_0/CLK_COM/MUX_CLK_COM/MUX_In/BUFGMUX_CTRL_inst/O                                             | AFE0_CH_0/CLK_COM/MUX_CLK_COM/MUX_In/clk_out                                                         |
| g11       | src12     | BUFGCTRL/O      | None          | BUFGCTRL_X0Y10 | n/a          |                 1 |           1 |               0 |       16.002 | afe0_pll_dig_div0                                                                                                   | AFE0_CH_0/CLK_COM/MUX_CLK_DIV_COM/MUX_In/BUFGMUX_CTRL_inst/O                                         | AFE0_CH_0/CLK_COM/MUX_CLK_DIV_COM/MUX_In/clk_out                                                     |
| g11       | src0      | BUFGCTRL/O      | None          | BUFGCTRL_X0Y10 | n/a          |                 1 |           1 |               0 |       16.002 | afe0_pll_dig_div1                                                                                                   | AFE0_CH_0/CLK_COM/MUX_CLK_DIV_COM/MUX_In/BUFGMUX_CTRL_inst/O                                         | AFE0_CH_0/CLK_COM/MUX_CLK_DIV_COM/MUX_In/clk_out                                                     |
| g12       | src13     | BUFG/O          | None          | BUFGCTRL_X0Y12 | n/a          |                 1 |           1 |               0 |        2.286 | afe0_pll_clkfbout                                                                                                   | AFE0_CH_0/CLK_COM/PLL_COM/BUFG_inst/O                                                                | AFE0_CH_0/CLK_COM/PLL_COM/clk_fdbck_i                                                                |
| g13       | src14     | BUFG/O          | None          | BUFGCTRL_X0Y30 | n/a          |                 1 |           1 |               0 |       16.000 | ETH_MOD/ETH_PHY_COM/U0/pcs_pma_block_i/transceiver_inst/gtwizard_inst/U0/gtwizard_i/gt0_GTWIZARD_i/gtpe2_i/TXOUTCLK | ETH_MOD/ETH_PHY_COM/U0/core_clocking_i/bufg_txoutclk/O                                               | ETH_MOD/ETH_PHY_COM/U0/core_clocking_i/txoutclk_bufg                                                 |
| g14       | src15     | BUFG/O          | None          | BUFGCTRL_X0Y4  | n/a          |                 1 |           1 |               0 |       10.000 | mmcm0_clkfbout                                                                                                      | SYS_TIMING_ENPT/mmcm0_clkfb_inst/O                                                                   | SYS_TIMING_ENPT/mmcm0_clkfbout_buf                                                                   |
+-----------+-----------+-----------------+---------------+----------------+--------------+-------------------+-------------+-----------------+--------------+---------------------------------------------------------------------------------------------------------------------+------------------------------------------------------------------------------------------------------+------------------------------------------------------------------------------------------------------+
* Clock Loads column represents cell count of net connects that connect to a clock pin. Internal cell leaf pins are not considered
** Non-Clock Loads column represents cell count of non-clock pin loads


3. Global Clock Source Details
------------------------------

+-----------+-----------+------------------------+--------------------+--------------------+--------------+-------------+-----------------+---------------------+---------------------------------------------------------------------------------------------------------------------+---------------------------------------------------------------------------------------------------------------------+-------------------------------------------------------------------------------------------------------------+
| Source Id | Global Id | Driver Type/Pin        | Constraint         | Site               | Clock Region | Clock Loads | Non-Clock Loads | Source Clock Period | Source Clock                                                                                                        | Driver Pin                                                                                                          | Net                                                                                                         |
+-----------+-----------+------------------------+--------------------+--------------------+--------------+-------------+-----------------+---------------------+---------------------------------------------------------------------------------------------------------------------+---------------------------------------------------------------------------------------------------------------------+-------------------------------------------------------------------------------------------------------------+
| src0      | g0        | BUFGCTRL/O             | None               | BUFGCTRL_X0Y10     | n/a          |           1 |               0 |              16.002 | afe0_pll_dig_div1                                                                                                   | AFE0_CH_0/CLK_COM/MUX_CLK_DIV_COM/MUX_In/BUFGMUX_CTRL_inst/O                                                        | AFE0_CH_0/CLK_COM/MUX_CLK_DIV_COM/MUX_In/clk_out                                                            |
| src0      | g11       | PLLE2_ADV/CLKOUT4      | None               | PLLE2_ADV_X0Y0     | X0Y0         |           0 |               0 |              16.002 | afe0_pll_dig_div1                                                                                                   | AFE0_CH_0/CLK_COM/PLL_COM/PLLE2_BASE_inst/CLKOUT4                                                                   | AFE0_CH_0/CLK_COM/PLL_COM/clk_div_phase[1]                                                                  |
| src1      | g0        | PLLE2_ADV/CLKOUT5      | None               | PLLE2_ADV_X0Y0     | X0Y0         |           0 |               0 |              16.002 | afe0_pll_dig_div2                                                                                                   | AFE0_CH_0/CLK_COM/PLL_COM/PLLE2_BASE_inst/CLKOUT5                                                                   | AFE0_CH_0/CLK_COM/PLL_COM/clk_div_phase[2]                                                                  |
| src2      | g1        | MMCME2_ADV/CLKOUT3     | None               | MMCME2_ADV_X1Y1    | X1Y1         |           1 |               0 |               8.000 | sclk125                                                                                                             | SYS_TIMING_ENPT/mmcm0_inst/CLKOUT3                                                                                  | SYS_TIMING_ENPT/mmcm0_clkout3                                                                               |
| src2      | g4        | BUFG/O                 | None               | BUFGCTRL_X0Y0      | n/a          |        2460 |               0 |               8.000 | sclk125                                                                                                             | SYS_TIMING_ENPT/mmcm0_clk3_inst/O                                                                                   | SYS_TIMING_ENPT/sys_clk125                                                                                  |
| src3      | g2        | MMCME2_ADV/CLKOUT0     | None               | MMCME2_ADV_X1Y2    | X1Y2         |           1 |               0 |               8.000 | oeiclk                                                                                                              | ETH_MOD/ETH_PHY_COM/U0/core_clocking_i/mmcm_adv_inst/CLKOUT0                                                        | ETH_MOD/ETH_PHY_COM/U0/core_clocking_i/clkout0                                                              |
| src3      | g4        | BUFG/O                 | BUFGCTRL_X0Y2      | BUFGCTRL_X0Y2      | n/a          |           0 |               0 |               8.000 | oeiclk                                                                                                              | ETH_MOD/ETH_PHY_COM/U0/core_clocking_i/bufg_userclk2/O                                                              | ETH_MOD/ETH_PHY_COM/U0/core_clocking_i/userclk2                                                             |
| src4      | g3        | MMCME2_ADV/CLKOUT1     | None               | MMCME2_ADV_X1Y1    | X1Y1         |           1 |               0 |               5.000 | sclk200                                                                                                             | SYS_TIMING_ENPT/mmcm0_inst/CLKOUT1                                                                                  | SYS_TIMING_ENPT/mmcm0_clkout1                                                                               |
| src5      | g5        | MMCME2_ADV/CLKOUT1     | None               | MMCME2_ADV_X1Y2    | X1Y2         |           1 |               0 |              16.000 | oeihclk                                                                                                             | ETH_MOD/ETH_PHY_COM/U0/core_clocking_i/mmcm_adv_inst/CLKOUT1                                                        | ETH_MOD/ETH_PHY_COM/U0/core_clocking_i/clkout1                                                              |
| src6      | g6        | IBUFDS_GTE2/O          | IBUFDS_GTE2_X0Y2   | IBUFDS_GTE2_X0Y2   | X0Y4         |           2 |               0 |               8.317 | daq_refclk                                                                                                          | ETH_MOD/ETH_PHY_COM/U0/core_clocking_i/ibufds_gtrefclk/O                                                            | ETH_MOD/ETH_PHY_COM/U0/core_clocking_i/gtrefclk                                                             |
| src7      | g7        | MMCME2_ADV/CLKOUT0     | None               | MMCME2_ADV_X1Y1    | X1Y1         |           1 |               0 |              16.000 | sclk62_5                                                                                                            | SYS_TIMING_ENPT/mmcm0_inst/CLKOUT0                                                                                  | SYS_TIMING_ENPT/mmcm0_clkout0                                                                               |
| src8      | g8        | BUFGCTRL/O             | None               | BUFGCTRL_X0Y8      | n/a          |           1 |               0 |               2.286 | afe0_pll_dig0                                                                                                       | AFE0_CH_0/CLK_COM/MUX_CLK_COM/MUX_In/BUFGMUX_CTRL_inst/O                                                            | AFE0_CH_0/CLK_COM/MUX_CLK_COM/MUX_In/clk_out                                                                |
| src8      | g10       | PLLE2_ADV/CLKOUT0      | None               | PLLE2_ADV_X0Y0     | X0Y0         |           1 |               0 |               2.286 | afe0_pll_dig0                                                                                                       | AFE0_CH_0/CLK_COM/PLL_COM/PLLE2_BASE_inst/CLKOUT0                                                                   | AFE0_CH_0/CLK_COM/PLL_COM/clk_phase[0]                                                                      |
| src9      | g8        | PLLE2_ADV/CLKOUT2      | None               | PLLE2_ADV_X0Y0     | X0Y0         |           0 |               0 |               2.286 | afe0_pll_dig2                                                                                                       | AFE0_CH_0/CLK_COM/PLL_COM/PLLE2_BASE_inst/CLKOUT2                                                                   | AFE0_CH_0/CLK_COM/PLL_COM/clk_phase[2]                                                                      |
| src10     | g9        | MMCME2_ADV/CLKOUT2     | None               | MMCME2_ADV_X1Y1    | X1Y1         |           1 |               0 |              10.000 | sclk100                                                                                                             | SYS_TIMING_ENPT/mmcm0_inst/CLKOUT2                                                                                  | SYS_TIMING_ENPT/mmcm0_clkout2                                                                               |
| src11     | g10       | PLLE2_ADV/CLKOUT1      | None               | PLLE2_ADV_X0Y0     | X0Y0         |           0 |               0 |               2.286 | afe0_pll_dig1                                                                                                       | AFE0_CH_0/CLK_COM/PLL_COM/PLLE2_BASE_inst/CLKOUT1                                                                   | AFE0_CH_0/CLK_COM/PLL_COM/clk_phase[1]                                                                      |
| src12     | g11       | PLLE2_ADV/CLKOUT3      | None               | PLLE2_ADV_X0Y0     | X0Y0         |           1 |               0 |              16.002 | afe0_pll_dig_div0                                                                                                   | AFE0_CH_0/CLK_COM/PLL_COM/PLLE2_BASE_inst/CLKOUT3                                                                   | AFE0_CH_0/CLK_COM/PLL_COM/clk_div_phase[0]                                                                  |
| src13     | g12       | PLLE2_ADV/CLKFBOUT     | None               | PLLE2_ADV_X0Y0     | X0Y0         |           1 |               0 |               2.286 | afe0_pll_clkfbout                                                                                                   | AFE0_CH_0/CLK_COM/PLL_COM/PLLE2_BASE_inst/CLKFBOUT                                                                  | AFE0_CH_0/CLK_COM/PLL_COM/clk_fdbck_o                                                                       |
| src14     | g13       | GTPE2_CHANNEL/TXOUTCLK | GTPE2_CHANNEL_X0Y4 | GTPE2_CHANNEL_X0Y4 | X0Y4         |           1 |               0 |              16.000 | ETH_MOD/ETH_PHY_COM/U0/pcs_pma_block_i/transceiver_inst/gtwizard_inst/U0/gtwizard_i/gt0_GTWIZARD_i/gtpe2_i/TXOUTCLK | ETH_MOD/ETH_PHY_COM/U0/pcs_pma_block_i/transceiver_inst/gtwizard_inst/U0/gtwizard_i/gt0_GTWIZARD_i/gtpe2_i/TXOUTCLK | ETH_MOD/ETH_PHY_COM/U0/pcs_pma_block_i/transceiver_inst/gtwizard_inst/U0/gtwizard_i/gt0_GTWIZARD_i/txoutclk |
| src15     | g14       | MMCME2_ADV/CLKFBOUT    | None               | MMCME2_ADV_X1Y1    | X1Y1         |           1 |               0 |              10.000 | mmcm0_clkfbout                                                                                                      | SYS_TIMING_ENPT/mmcm0_inst/CLKFBOUT                                                                                 | SYS_TIMING_ENPT/mmcm0_clkfbout                                                                              |
+-----------+-----------+------------------------+--------------------+--------------------+--------------+-------------+-----------------+---------------------+---------------------------------------------------------------------------------------------------------------------+---------------------------------------------------------------------------------------------------------------------+-------------------------------------------------------------------------------------------------------------+
* Clock Loads column represents cell count of net connects that connect to a clock pin. Internal cell leaf pins are not considered
** Non-Clock Loads column represents cell count of non-clock pin loads


4. Local Clock Details
----------------------

+----------+-------------------------+------------+--------------------------------+--------------+-------------+-----------------+--------------+-------+-------------------------------------------------------------------+----------------------------------------------------------+
| Local Id | Driver Type/Pin         | Constraint | Site/BEL                       | Clock Region | Clock Loads | Non-Clock Loads | Clock Period | Clock | Driver Pin                                                        | Net                                                      |
+----------+-------------------------+------------+--------------------------------+--------------+-------------+-----------------+--------------+-------+-------------------------------------------------------------------+----------------------------------------------------------+
| 0        | GTPE2_COMMON/PLL0OUTCLK | None       | GTPE2_COMMON_X0Y1/GTPE2_COMMON | X0Y4         |           1 |               0 |              |       | ETH_MOD/ETH_PHY_COM/U0/core_gt_common_i/gtpe2_common_i/PLL0OUTCLK | ETH_MOD/ETH_PHY_COM/U0/core_gt_common_i/gtpe2_common_i_0 |
| 1        | GTPE2_COMMON/PLL1OUTCLK | None       | GTPE2_COMMON_X0Y1/GTPE2_COMMON | X0Y4         |           1 |               0 |              |       | ETH_MOD/ETH_PHY_COM/U0/core_gt_common_i/gtpe2_common_i/PLL1OUTCLK | ETH_MOD/ETH_PHY_COM/U0/core_gt_common_i/gtpe2_common_i_3 |
+----------+-------------------------+------------+--------------------------------+--------------+-------------+-----------------+--------------+-------+-------------------------------------------------------------------+----------------------------------------------------------+
* Local Clocks in this context represents only clocks driven by non-global buffers
** Clock Loads column represents cell count of net connects that connect to a clock pin. Internal cell leaf pins are not considered
*** Non-Clock Loads column represents cell count of non-clock pin loads


5. Clock Regions: Key Resource Utilization
------------------------------------------

+-------------------+--------------+--------------+--------------+--------------+--------------+--------------+--------------+--------------+--------------+--------------+--------------+--------------+--------------+--------------+--------------+
|                   | Global Clock |     BUFRs    |    BUFMRs    |    BUFIOs    |     MMCM     |      PLL     |      GT      |      PCI     |    ILOGIC    |    OLOGIC    |      FF      |     LUTM     |    RAMB18    |    RAMB36    |    DSP48E2   |
+-------------------+------+-------+------+-------+------+-------+------+-------+------+-------+------+-------+------+-------+------+-------+------+-------+------+-------+------+-------+------+-------+------+-------+------+-------+------+-------+
| Clock Region Name | Used | Avail | Used | Avail | Used | Avail | Used | Avail | Used | Avail | Used | Avail | Used | Avail | Used | Avail | Used | Avail | Used | Avail | Used | Avail | Used | Avail | Used | Avail | Used | Avail | Used | Avail |
+-------------------+------+-------+------+-------+------+-------+------+-------+------+-------+------+-------+------+-------+------+-------+------+-------+------+-------+------+-------+------+-------+------+-------+------+-------+------+-------+
| X0Y0              |    4 |    12 |    0 |     4 |    0 |     2 |    0 |     4 |    0 |     1 |    1 |     1 |    0 |     4 |    0 |     0 |    4 |    50 |    0 |    50 |   65 |  2700 |   94 |   800 |    0 |    60 |    0 |    30 |   27 |    60 |
| X1Y0              |    1 |    12 |    0 |     4 |    0 |     2 |    0 |     4 |    0 |     1 |    0 |     1 |    0 |     4 |    0 |     0 |    0 |    50 |    0 |    50 |   28 |  2500 |   14 |   800 |    0 |    40 |    0 |    20 |    7 |    40 |
| X0Y1              |    1 |    12 |    0 |     4 |    0 |     2 |    0 |     4 |    0 |     1 |    0 |     1 |    0 |     0 |    0 |     0 |    0 |    50 |    0 |    50 | 2071 |  4200 |  876 |  1400 |    0 |   100 |    0 |    50 |   94 |   100 |
| X1Y1              |    3 |    12 |    0 |     4 |    0 |     2 |    0 |     4 |    1 |     1 |    0 |     1 |    0 |     0 |    0 |     0 |    0 |    50 |    1 |    50 |  297 |  4000 |  111 |  1400 |    0 |    80 |    0 |    40 |   61 |    80 |
| X0Y2              |    3 |    12 |    0 |     4 |    0 |     2 |    0 |     4 |    0 |     1 |    0 |     1 |    0 |     0 |    0 |     0 |    0 |    50 |    0 |    50 |  195 |  3600 |  102 |  1400 |    0 |   100 |    1 |    50 |   63 |   100 |
| X1Y2              |    2 |    12 |    0 |     4 |    0 |     2 |    0 |     4 |    1 |     1 |    0 |     1 |    0 |     0 |    0 |     0 |    0 |    50 |    0 |    50 |   36 |  4000 |   22 |  1400 |    0 |    80 |    0 |    40 |   28 |    80 |
| X0Y3              |    6 |    12 |    0 |     4 |    0 |     2 |    0 |     4 |    0 |     1 |    0 |     1 |    0 |     0 |    0 |     0 |    0 |    50 |    0 |    50 | 2714 |  3600 | 1047 |  1400 |    0 |   100 |   10 |    50 |    0 |   100 |
| X1Y3              |    1 |    12 |    0 |     4 |    0 |     2 |    0 |     4 |    0 |     1 |    0 |     1 |    0 |     0 |    0 |     0 |    0 |    50 |    0 |    50 |    1 |  4000 |    1 |  1400 |    0 |    80 |    0 |    40 |    0 |    80 |
| X0Y4              |    4 |    12 |    0 |     4 |    0 |     2 |    0 |     4 |    0 |     1 |    0 |     1 |    1 |     4 |    0 |     1 |    0 |    50 |    0 |    50 |  841 |  2550 |  218 |   750 |    0 |    50 |    0 |    25 |    0 |    60 |
| X1Y4              |    0 |    12 |    0 |     4 |    0 |     2 |    0 |     4 |    0 |     1 |    0 |     1 |    0 |     4 |    0 |     0 |    0 |    50 |    0 |    50 |    0 |  2500 |    0 |   800 |    0 |    40 |    0 |    20 |    0 |    40 |
+-------------------+------+-------+------+-------+------+-------+------+-------+------+-------+------+-------+------+-------+------+-------+------+-------+------+-------+------+-------+------+-------+------+-------+------+-------+------+-------+
* Global Clock column represents track count; while other columns represents cell counts


6. Clock Regions : Global Clock Summary
---------------------------------------

All Modules
+----+----+----+
|    | X0 | X1 |
+----+----+----+
| Y4 |  0 |  0 |
| Y3 |  0 |  0 |
| Y2 |  0 |  0 |
| Y1 |  0 |  0 |
| Y0 |  0 |  0 |
+----+----+----+


7. Device Cell Placement Summary for Global Clock g0
----------------------------------------------------

+-----------+-----------------+-------------------+----------+-------------+----------------+-------------+----------+----------------+----------+---------------------------------------------------------------+
| Global Id | Driver Type/Pin | Driver Region (D) | Clock    | Period (ns) | Waveform (ns)  | Slice Loads | IO Loads | Clocking Loads | GT Loads | Net                                                           |
+-----------+-----------------+-------------------+----------+-------------+----------------+-------------+----------+----------------+----------+---------------------------------------------------------------+
| g0        | BUFGCTRL/O      | n/a               | Multiple |      16.002 | {5.334 13.335} |        2974 |        4 |              0 |        0 | AFE0_CH_0/CLK_COM/MUX_CLK_DIV_COM/MUX_Out/BUFGMUX_CTRL_inst_0 |
+-----------+-----------------+-------------------+----------+-------------+----------------+-------------+----------+----------------+----------+---------------------------------------------------------------+
* Slice Loads column represents load cell count of all cell types other than IO, GT and clock resources
** IO Loads column represents load cell count of IO types
*** Clocking Loads column represents load cell count that are clock resources (global clock buffer, MMCM, PLL, etc)
**** GT Loads column represents load cell count of GT types


+----+-------+------+-----------------------+
|    | X0    | X1   | HORIZONTAL PROG DELAY |
+----+-------+------+-----------------------+
| Y4 |     0 |    0 |                     - |
| Y3 |    10 |    0 |                     0 |
| Y2 |   221 |   64 |                     0 |
| Y1 |  2168 |  358 |                     0 |
| Y0 |   122 |   35 |                     0 |
+----+-------+------+-----------------------+


8. Device Cell Placement Summary for Global Clock g1
----------------------------------------------------

+-----------+-----------------+-------------------+---------+-------------+---------------+-------------+----------+----------------+----------+----------------------------+
| Global Id | Driver Type/Pin | Driver Region (D) | Clock   | Period (ns) | Waveform (ns) | Slice Loads | IO Loads | Clocking Loads | GT Loads | Net                        |
+-----------+-----------------+-------------------+---------+-------------+---------------+-------------+----------+----------------+----------+----------------------------+
| g1        | BUFG/O          | n/a               | sclk125 |       8.000 | {0.000 4.000} |        2315 |        0 |              1 |        0 | SYS_TIMING_ENPT/sys_clk125 |
+-----------+-----------------+-------------------+---------+-------------+---------------+-------------+----------+----------------+----------+----------------------------+
* Slice Loads column represents load cell count of all cell types other than IO, GT and clock resources
** IO Loads column represents load cell count of IO types
*** Clocking Loads column represents load cell count that are clock resources (global clock buffer, MMCM, PLL, etc)
**** GT Loads column represents load cell count of GT types


+----+-------+----+-----------------------+
|    | X0    | X1 | HORIZONTAL PROG DELAY |
+----+-------+----+-----------------------+
| Y4 |     0 |  0 |                     - |
| Y3 |  2300 |  1 |                     0 |
| Y2 |    14 |  0 |                     0 |
| Y1 |     0 |  0 |                     - |
| Y0 |     0 |  0 |                     - |
+----+-------+----+-----------------------+


9. Device Cell Placement Summary for Global Clock g2
----------------------------------------------------

+-----------+-----------------+-------------------+--------+-------------+---------------+-------------+----------+----------------+----------+-------------------------------------------------+
| Global Id | Driver Type/Pin | Driver Region (D) | Clock  | Period (ns) | Waveform (ns) | Slice Loads | IO Loads | Clocking Loads | GT Loads | Net                                             |
+-----------+-----------------+-------------------+--------+-------------+---------------+-------------+----------+----------------+----------+-------------------------------------------------+
| g2        | BUFG/O          | n/a               | oeiclk |       8.000 | {0.000 4.000} |         645 |        0 |              1 |        0 | ETH_MOD/ETH_PHY_COM/U0/core_clocking_i/userclk2 |
+-----------+-----------------+-------------------+--------+-------------+---------------+-------------+----------+----------------+----------+-------------------------------------------------+
* Slice Loads column represents load cell count of all cell types other than IO, GT and clock resources
** IO Loads column represents load cell count of IO types
*** Clocking Loads column represents load cell count that are clock resources (global clock buffer, MMCM, PLL, etc)
**** GT Loads column represents load cell count of GT types


+----+------+----+-----------------------+
|    | X0   | X1 | HORIZONTAL PROG DELAY |
+----+------+----+-----------------------+
| Y4 |  402 |  0 |                     0 |
| Y3 |  243 |  0 |                     0 |
| Y2 |    0 |  0 |                     - |
| Y1 |    0 |  0 |                     - |
| Y0 |    0 |  0 |                     - |
+----+------+----+-----------------------+


10. Device Cell Placement Summary for Global Clock g3
-----------------------------------------------------

+-----------+-----------------+-------------------+---------+-------------+---------------+-------------+----------+----------------+----------+----------------------------------------+
| Global Id | Driver Type/Pin | Driver Region (D) | Clock   | Period (ns) | Waveform (ns) | Slice Loads | IO Loads | Clocking Loads | GT Loads | Net                                    |
+-----------+-----------------+-------------------+---------+-------------+---------------+-------------+----------+----------------+----------+----------------------------------------+
| g3        | BUFG/O          | n/a               | sclk200 |       5.000 | {0.000 2.500} |         288 |        0 |              0 |        1 | SYS_TIMING_ENPT/independent_clock_bufg |
+-----------+-----------------+-------------------+---------+-------------+---------------+-------------+----------+----------------+----------+----------------------------------------+
* Slice Loads column represents load cell count of all cell types other than IO, GT and clock resources
** IO Loads column represents load cell count of IO types
*** Clocking Loads column represents load cell count that are clock resources (global clock buffer, MMCM, PLL, etc)
**** GT Loads column represents load cell count of GT types


+----+------+----+-----------------------+
|    | X0   | X1 | HORIZONTAL PROG DELAY |
+----+------+----+-----------------------+
| Y4 |  274 |  0 |                     0 |
| Y3 |   15 |  0 |                     0 |
| Y2 |    0 |  0 |                     - |
| Y1 |    0 |  0 |                     - |
| Y0 |    0 |  0 |                     - |
+----+------+----+-----------------------+


11. Device Cell Placement Summary for Global Clock g4
-----------------------------------------------------

+-----------+-----------------+-------------------+----------+-------------+---------------+-------------+----------+----------------+----------+------------------------------------------------------------------------------------------------------+
| Global Id | Driver Type/Pin | Driver Region (D) | Clock    | Period (ns) | Waveform (ns) | Slice Loads | IO Loads | Clocking Loads | GT Loads | Net                                                                                                  |
+-----------+-----------------+-------------------+----------+-------------+---------------+-------------+----------+----------------+----------+------------------------------------------------------------------------------------------------------+
| g4        | BUFGCTRL/O      | n/a               | Multiple |       8.000 | {0.000 4.000} |         163 |        0 |              0 |        0 | ETH_MOD/ETH_MAC_UDP_STACK_COM/eth_mac_inst/eth_mac_1g_gmii_inst/gmii_phy_if_inst/gmii_bufgmux_inst_0 |
+-----------+-----------------+-------------------+----------+-------------+---------------+-------------+----------+----------------+----------+------------------------------------------------------------------------------------------------------+
* Slice Loads column represents load cell count of all cell types other than IO, GT and clock resources
** IO Loads column represents load cell count of IO types
*** Clocking Loads column represents load cell count that are clock resources (global clock buffer, MMCM, PLL, etc)
**** GT Loads column represents load cell count of GT types


+----+------+----+-----------------------+
|    | X0   | X1 | HORIZONTAL PROG DELAY |
+----+------+----+-----------------------+
| Y4 |    0 |  0 |                     - |
| Y3 |  163 |  0 |                     0 |
| Y2 |    0 |  0 |                     - |
| Y1 |    0 |  0 |                     - |
| Y0 |    0 |  0 |                     - |
+----+------+----+-----------------------+


12. Device Cell Placement Summary for Global Clock g5
-----------------------------------------------------

+-----------+-----------------+-------------------+---------+-------------+---------------+-------------+----------+----------------+----------+------------------------------------------------+
| Global Id | Driver Type/Pin | Driver Region (D) | Clock   | Period (ns) | Waveform (ns) | Slice Loads | IO Loads | Clocking Loads | GT Loads | Net                                            |
+-----------+-----------------+-------------------+---------+-------------+---------------+-------------+----------+----------------+----------+------------------------------------------------+
| g5        | BUFG/O          | n/a               | oeihclk |      16.000 | {0.000 8.000} |         110 |        0 |              0 |        1 | ETH_MOD/ETH_PHY_COM/U0/core_clocking_i/userclk |
+-----------+-----------------+-------------------+---------+-------------+---------------+-------------+----------+----------------+----------+------------------------------------------------+
* Slice Loads column represents load cell count of all cell types other than IO, GT and clock resources
** IO Loads column represents load cell count of IO types
*** Clocking Loads column represents load cell count that are clock resources (global clock buffer, MMCM, PLL, etc)
**** GT Loads column represents load cell count of GT types


+----+------+----+-----------------------+
|    | X0   | X1 | HORIZONTAL PROG DELAY |
+----+------+----+-----------------------+
| Y4 |  111 |  0 |                     0 |
| Y3 |    0 |  0 |                     - |
| Y2 |    0 |  0 |                     - |
| Y1 |    0 |  0 |                     - |
| Y0 |    0 |  0 |                     - |
+----+------+----+-----------------------+


13. Device Cell Placement Summary for Global Clock g6
-----------------------------------------------------

+-----------+-----------------+-------------------+------------+-------------+---------------+-------------+----------+----------------+----------+------------------------------------------------------+
| Global Id | Driver Type/Pin | Driver Region (D) | Clock      | Period (ns) | Waveform (ns) | Slice Loads | IO Loads | Clocking Loads | GT Loads | Net                                                  |
+-----------+-----------------+-------------------+------------+-------------+---------------+-------------+----------+----------------+----------+------------------------------------------------------+
| g6        | BUFG/O          | n/a               | daq_refclk |       8.317 | {0.000 4.159} |          75 |        0 |              0 |        1 | ETH_MOD/ETH_PHY_COM/U0/core_clocking_i/gtrefclk_bufg |
+-----------+-----------------+-------------------+------------+-------------+---------------+-------------+----------+----------------+----------+------------------------------------------------------+
* Slice Loads column represents load cell count of all cell types other than IO, GT and clock resources
** IO Loads column represents load cell count of IO types
*** Clocking Loads column represents load cell count that are clock resources (global clock buffer, MMCM, PLL, etc)
**** GT Loads column represents load cell count of GT types


+----+-----+----+-----------------------+
|    | X0  | X1 | HORIZONTAL PROG DELAY |
+----+-----+----+-----------------------+
| Y4 |  64 |  0 |                     0 |
| Y3 |  12 |  0 |                     0 |
| Y2 |   0 |  0 |                     - |
| Y1 |   0 |  0 |                     - |
| Y0 |   0 |  0 |                     - |
+----+-----+----+-----------------------+


14. Device Cell Placement Summary for Global Clock g7
-----------------------------------------------------

+-----------+-----------------+-------------------+----------+-------------+---------------+-------------+----------+----------------+----------+---------------------+
| Global Id | Driver Type/Pin | Driver Region (D) | Clock    | Period (ns) | Waveform (ns) | Slice Loads | IO Loads | Clocking Loads | GT Loads | Net                 |
+-----------+-----------------+-------------------+----------+-------------+---------------+-------------+----------+----------------+----------+---------------------+
| g7        | BUFG/O          | n/a               | sclk62_5 |      16.000 | {0.000 8.000} |          26 |        0 |              0 |        0 | SYS_TIMING_ENPT/CLK |
+-----------+-----------------+-------------------+----------+-------------+---------------+-------------+----------+----------------+----------+---------------------+
* Slice Loads column represents load cell count of all cell types other than IO, GT and clock resources
** IO Loads column represents load cell count of IO types
*** Clocking Loads column represents load cell count that are clock resources (global clock buffer, MMCM, PLL, etc)
**** GT Loads column represents load cell count of GT types


+----+-----+----+-----------------------+
|    | X0  | X1 | HORIZONTAL PROG DELAY |
+----+-----+----+-----------------------+
| Y4 |   0 |  0 |                     - |
| Y3 |   0 |  0 |                     - |
| Y2 |  25 |  0 |                     0 |
| Y1 |   0 |  1 |                     0 |
| Y0 |   0 |  0 |                     - |
+----+-----+----+-----------------------+


15. Device Cell Placement Summary for Global Clock g8
-----------------------------------------------------

+-----------+-----------------+-------------------+----------+-------------+---------------+-------------+----------+----------------+----------+-------------------------------------------+
| Global Id | Driver Type/Pin | Driver Region (D) | Clock    | Period (ns) | Waveform (ns) | Slice Loads | IO Loads | Clocking Loads | GT Loads | Net                                       |
+-----------+-----------------+-------------------+----------+-------------+---------------+-------------+----------+----------------+----------+-------------------------------------------+
| g8        | BUFGCTRL/O      | n/a               | Multiple |       2.286 | {0.000 1.143} |          12 |        4 |              0 |        0 | AFE0_CH_0/CLK_COM/MUX_CLK_COM/MUX_Out/clk |
+-----------+-----------------+-------------------+----------+-------------+---------------+-------------+----------+----------------+----------+-------------------------------------------+
* Slice Loads column represents load cell count of all cell types other than IO, GT and clock resources
** IO Loads column represents load cell count of IO types
*** Clocking Loads column represents load cell count that are clock resources (global clock buffer, MMCM, PLL, etc)
**** GT Loads column represents load cell count of GT types


+----+-----+----+-----------------------+
|    | X0  | X1 | HORIZONTAL PROG DELAY |
+----+-----+----+-----------------------+
| Y4 |   0 |  0 |                     - |
| Y3 |   0 |  0 |                     - |
| Y2 |   0 |  0 |                     - |
| Y1 |   0 |  0 |                     - |
| Y0 |  16 |  0 |                     0 |
+----+-----+----+-----------------------+


16. Device Cell Placement Summary for Global Clock g9
-----------------------------------------------------

+-----------+-----------------+-------------------+---------+-------------+---------------+-------------+----------+----------------+----------+----------------------------+
| Global Id | Driver Type/Pin | Driver Region (D) | Clock   | Period (ns) | Waveform (ns) | Slice Loads | IO Loads | Clocking Loads | GT Loads | Net                        |
+-----------+-----------------+-------------------+---------+-------------+---------------+-------------+----------+----------------+----------+----------------------------+
| g9        | BUFG/O          | n/a               | sclk100 |      10.000 | {0.000 5.000} |           2 |        0 |              0 |        0 | SYS_TIMING_ENPT/sys_clk100 |
+-----------+-----------------+-------------------+---------+-------------+---------------+-------------+----------+----------------+----------+----------------------------+
* Slice Loads column represents load cell count of all cell types other than IO, GT and clock resources
** IO Loads column represents load cell count of IO types
*** Clocking Loads column represents load cell count that are clock resources (global clock buffer, MMCM, PLL, etc)
**** GT Loads column represents load cell count of GT types


+----+----+----+-----------------------+
|    | X0 | X1 | HORIZONTAL PROG DELAY |
+----+----+----+-----------------------+
| Y4 |  0 |  0 |                     - |
| Y3 |  0 |  0 |                     - |
| Y2 |  0 |  0 |                     - |
| Y1 |  0 |  0 |                     - |
| Y0 |  2 |  0 |                     0 |
+----+----+----+-----------------------+


17. Device Cell Placement Summary for Global Clock g10
------------------------------------------------------

+-----------+-----------------+-------------------+----------+-------------+---------------+-------------+----------+----------------+----------+----------------------------------------------+
| Global Id | Driver Type/Pin | Driver Region (D) | Clock    | Period (ns) | Waveform (ns) | Slice Loads | IO Loads | Clocking Loads | GT Loads | Net                                          |
+-----------+-----------------+-------------------+----------+-------------+---------------+-------------+----------+----------------+----------+----------------------------------------------+
| g10       | BUFGCTRL/O      | n/a               | Multiple |       2.286 | {0.000 1.143} |           0 |        0 |              1 |        0 | AFE0_CH_0/CLK_COM/MUX_CLK_COM/MUX_In/clk_out |
+-----------+-----------------+-------------------+----------+-------------+---------------+-------------+----------+----------------+----------+----------------------------------------------+
* Slice Loads column represents load cell count of all cell types other than IO, GT and clock resources
** IO Loads column represents load cell count of IO types
*** Clocking Loads column represents load cell count that are clock resources (global clock buffer, MMCM, PLL, etc)
**** GT Loads column represents load cell count of GT types


+----+----+----+-----------------------+
|    | X0 | X1 | HORIZONTAL PROG DELAY |
+----+----+----+-----------------------+
| Y4 |  0 |  0 |                     - |
| Y3 |  0 |  0 |                     - |
| Y2 |  0 |  0 |                     - |
| Y1 |  0 |  0 |                     - |
| Y0 |  0 |  0 |                     - |
+----+----+----+-----------------------+


18. Device Cell Placement Summary for Global Clock g11
------------------------------------------------------

+-----------+-----------------+-------------------+----------+-------------+----------------+-------------+----------+----------------+----------+--------------------------------------------------+
| Global Id | Driver Type/Pin | Driver Region (D) | Clock    | Period (ns) | Waveform (ns)  | Slice Loads | IO Loads | Clocking Loads | GT Loads | Net                                              |
+-----------+-----------------+-------------------+----------+-------------+----------------+-------------+----------+----------------+----------+--------------------------------------------------+
| g11       | BUFGCTRL/O      | n/a               | Multiple |      16.002 | {2.667 10.668} |           0 |        0 |              1 |        0 | AFE0_CH_0/CLK_COM/MUX_CLK_DIV_COM/MUX_In/clk_out |
+-----------+-----------------+-------------------+----------+-------------+----------------+-------------+----------+----------------+----------+--------------------------------------------------+
* Slice Loads column represents load cell count of all cell types other than IO, GT and clock resources
** IO Loads column represents load cell count of IO types
*** Clocking Loads column represents load cell count that are clock resources (global clock buffer, MMCM, PLL, etc)
**** GT Loads column represents load cell count of GT types


+----+----+----+-----------------------+
|    | X0 | X1 | HORIZONTAL PROG DELAY |
+----+----+----+-----------------------+
| Y4 |  0 |  0 |                     - |
| Y3 |  0 |  0 |                     - |
| Y2 |  0 |  0 |                     - |
| Y1 |  0 |  0 |                     - |
| Y0 |  0 |  0 |                     - |
+----+----+----+-----------------------+


19. Device Cell Placement Summary for Global Clock g12
------------------------------------------------------

+-----------+-----------------+-------------------+-------------------+-------------+---------------+-------------+----------+----------------+----------+---------------------------------------+
| Global Id | Driver Type/Pin | Driver Region (D) | Clock             | Period (ns) | Waveform (ns) | Slice Loads | IO Loads | Clocking Loads | GT Loads | Net                                   |
+-----------+-----------------+-------------------+-------------------+-------------+---------------+-------------+----------+----------------+----------+---------------------------------------+
| g12       | BUFG/O          | n/a               | afe0_pll_clkfbout |       2.286 | {0.000 1.143} |           0 |        0 |              1 |        0 | AFE0_CH_0/CLK_COM/PLL_COM/clk_fdbck_i |
+-----------+-----------------+-------------------+-------------------+-------------+---------------+-------------+----------+----------------+----------+---------------------------------------+
* Slice Loads column represents load cell count of all cell types other than IO, GT and clock resources
** IO Loads column represents load cell count of IO types
*** Clocking Loads column represents load cell count that are clock resources (global clock buffer, MMCM, PLL, etc)
**** GT Loads column represents load cell count of GT types


+----+----+----+-----------------------+
|    | X0 | X1 | HORIZONTAL PROG DELAY |
+----+----+----+-----------------------+
| Y4 |  0 |  0 |                     - |
| Y3 |  0 |  0 |                     - |
| Y2 |  0 |  0 |                     - |
| Y1 |  0 |  0 |                     - |
| Y0 |  1 |  0 |                     0 |
+----+----+----+-----------------------+


20. Device Cell Placement Summary for Global Clock g13
------------------------------------------------------

+-----------+-----------------+-------------------+---------------------------------------------------------------------------------------------------------------------+-------------+---------------+-------------+----------+----------------+----------+------------------------------------------------------+
| Global Id | Driver Type/Pin | Driver Region (D) | Clock                                                                                                               | Period (ns) | Waveform (ns) | Slice Loads | IO Loads | Clocking Loads | GT Loads | Net                                                  |
+-----------+-----------------+-------------------+---------------------------------------------------------------------------------------------------------------------+-------------+---------------+-------------+----------+----------------+----------+------------------------------------------------------+
| g13       | BUFG/O          | n/a               | ETH_MOD/ETH_PHY_COM/U0/pcs_pma_block_i/transceiver_inst/gtwizard_inst/U0/gtwizard_i/gt0_GTWIZARD_i/gtpe2_i/TXOUTCLK |      16.000 | {0.000 8.000} |           0 |        0 |              1 |        0 | ETH_MOD/ETH_PHY_COM/U0/core_clocking_i/txoutclk_bufg |
+-----------+-----------------+-------------------+---------------------------------------------------------------------------------------------------------------------+-------------+---------------+-------------+----------+----------------+----------+------------------------------------------------------+
* Slice Loads column represents load cell count of all cell types other than IO, GT and clock resources
** IO Loads column represents load cell count of IO types
*** Clocking Loads column represents load cell count that are clock resources (global clock buffer, MMCM, PLL, etc)
**** GT Loads column represents load cell count of GT types


+----+----+----+-----------------------+
|    | X0 | X1 | HORIZONTAL PROG DELAY |
+----+----+----+-----------------------+
| Y4 |  0 |  0 |                     - |
| Y3 |  0 |  0 |                     - |
| Y2 |  0 |  1 |                     0 |
| Y1 |  0 |  0 |                     - |
| Y0 |  0 |  0 |                     - |
+----+----+----+-----------------------+


21. Device Cell Placement Summary for Global Clock g14
------------------------------------------------------

+-----------+-----------------+-------------------+----------------+-------------+---------------+-------------+----------+----------------+----------+------------------------------------+
| Global Id | Driver Type/Pin | Driver Region (D) | Clock          | Period (ns) | Waveform (ns) | Slice Loads | IO Loads | Clocking Loads | GT Loads | Net                                |
+-----------+-----------------+-------------------+----------------+-------------+---------------+-------------+----------+----------------+----------+------------------------------------+
| g14       | BUFG/O          | n/a               | mmcm0_clkfbout |      10.000 | {0.000 5.000} |           0 |        0 |              1 |        0 | SYS_TIMING_ENPT/mmcm0_clkfbout_buf |
+-----------+-----------------+-------------------+----------------+-------------+---------------+-------------+----------+----------------+----------+------------------------------------+
* Slice Loads column represents load cell count of all cell types other than IO, GT and clock resources
** IO Loads column represents load cell count of IO types
*** Clocking Loads column represents load cell count that are clock resources (global clock buffer, MMCM, PLL, etc)
**** GT Loads column represents load cell count of GT types


+----+----+----+-----------------------+
|    | X0 | X1 | HORIZONTAL PROG DELAY |
+----+----+----+-----------------------+
| Y4 |  0 |  0 |                     - |
| Y3 |  0 |  0 |                     - |
| Y2 |  0 |  0 |                     - |
| Y1 |  0 |  1 |                     0 |
| Y0 |  0 |  0 |                     - |
+----+----+----+-----------------------+


22. Clock Region Cell Placement per Global Clock: Region X0Y0
-------------------------------------------------------------

+-----------+-------+-----------------+------------+-------------+-----------------+----+-------------+------+-----+----+------+-----+---------+---------------------------------------------------------------+
| Global Id | Track | Driver Type/Pin | Constraint | Clock Loads | Non-Clock Loads | FF | Memory LUTs | RAMB | DSP | GT | MMCM | PLL | Hard IP | Net                                                           |
+-----------+-------+-----------------+------------+-------------+-----------------+----+-------------+------+-----+----+------+-----+---------+---------------------------------------------------------------+
| g0        | n/a   | BUFGCTRL/O      | None       |         122 |               0 | 52 |          39 |    0 |  27 |  0 |    0 |   0 |       0 | AFE0_CH_0/CLK_COM/MUX_CLK_DIV_COM/MUX_Out/BUFGMUX_CTRL_inst_0 |
| g8        | n/a   | BUFGCTRL/O      | None       |          16 |               0 | 12 |           0 |    0 |   0 |  0 |    0 |   0 |       0 | AFE0_CH_0/CLK_COM/MUX_CLK_COM/MUX_Out/clk                     |
| g9        | n/a   | BUFG/O          | None       |           2 |               0 |  1 |           1 |    0 |   0 |  0 |    0 |   0 |       0 | SYS_TIMING_ENPT/sys_clk100                                    |
| g12       | n/a   | BUFG/O          | None       |           1 |               0 |  0 |           0 |    0 |   0 |  0 |    0 |   1 |       0 | AFE0_CH_0/CLK_COM/PLL_COM/clk_fdbck_i                         |
+-----------+-------+-----------------+------------+-------------+-----------------+----+-------------+------+-----+----+------+-----+---------+---------------------------------------------------------------+
* Clock Loads column represents cell count of net connects that connect to a clock pin. Internal cell leaf pins are not considered
** Non-Clock Loads column represents cell count of non-clock pin loads
*** Columns FF, LUTRAM, RAMB through 'Hard IP' represents load cell counts


23. Clock Region Cell Placement per Global Clock: Region X1Y0
-------------------------------------------------------------

+-----------+-------+-----------------+------------+-------------+-----------------+----+-------------+------+-----+----+------+-----+---------+---------------------------------------------------------------+
| Global Id | Track | Driver Type/Pin | Constraint | Clock Loads | Non-Clock Loads | FF | Memory LUTs | RAMB | DSP | GT | MMCM | PLL | Hard IP | Net                                                           |
+-----------+-------+-----------------+------------+-------------+-----------------+----+-------------+------+-----+----+------+-----+---------+---------------------------------------------------------------+
| g0        | n/a   | BUFGCTRL/O      | None       |          35 |               0 | 28 |           0 |    0 |   7 |  0 |    0 |   0 |       0 | AFE0_CH_0/CLK_COM/MUX_CLK_DIV_COM/MUX_Out/BUFGMUX_CTRL_inst_0 |
+-----------+-------+-----------------+------------+-------------+-----------------+----+-------------+------+-----+----+------+-----+---------+---------------------------------------------------------------+
* Clock Loads column represents cell count of net connects that connect to a clock pin. Internal cell leaf pins are not considered
** Non-Clock Loads column represents cell count of non-clock pin loads
*** Columns FF, LUTRAM, RAMB through 'Hard IP' represents load cell counts


24. Clock Region Cell Placement per Global Clock: Region X0Y1
-------------------------------------------------------------

+-----------+-------+-----------------+------------+-------------+-----------------+------+-------------+------+-----+----+------+-----+---------+---------------------------------------------------------------+
| Global Id | Track | Driver Type/Pin | Constraint | Clock Loads | Non-Clock Loads | FF   | Memory LUTs | RAMB | DSP | GT | MMCM | PLL | Hard IP | Net                                                           |
+-----------+-------+-----------------+------------+-------------+-----------------+------+-------------+------+-----+----+------+-----+---------+---------------------------------------------------------------+
| g0        | n/a   | BUFGCTRL/O      | None       |        2168 |               0 | 2071 |           3 |    0 |  94 |  0 |    0 |   0 |       0 | AFE0_CH_0/CLK_COM/MUX_CLK_DIV_COM/MUX_Out/BUFGMUX_CTRL_inst_0 |
+-----------+-------+-----------------+------------+-------------+-----------------+------+-------------+------+-----+----+------+-----+---------+---------------------------------------------------------------+
* Clock Loads column represents cell count of net connects that connect to a clock pin. Internal cell leaf pins are not considered
** Non-Clock Loads column represents cell count of non-clock pin loads
*** Columns FF, LUTRAM, RAMB through 'Hard IP' represents load cell counts


25. Clock Region Cell Placement per Global Clock: Region X1Y1
-------------------------------------------------------------

+-----------+-------+-----------------+------------+-------------+-----------------+-----+-------------+------+-----+----+------+-----+---------+---------------------------------------------------------------+
| Global Id | Track | Driver Type/Pin | Constraint | Clock Loads | Non-Clock Loads | FF  | Memory LUTs | RAMB | DSP | GT | MMCM | PLL | Hard IP | Net                                                           |
+-----------+-------+-----------------+------------+-------------+-----------------+-----+-------------+------+-----+----+------+-----+---------+---------------------------------------------------------------+
| g0        | n/a   | BUFGCTRL/O      | None       |         358 |               0 | 297 |           0 |    0 |  61 |  0 |    0 |   0 |       0 | AFE0_CH_0/CLK_COM/MUX_CLK_DIV_COM/MUX_Out/BUFGMUX_CTRL_inst_0 |
| g7        | n/a   | BUFG/O          | None       |           1 |               0 |   0 |           0 |    0 |   0 |  0 |    0 |   0 |       0 | SYS_TIMING_ENPT/CLK                                           |
| g14       | n/a   | BUFG/O          | None       |           1 |               0 |   0 |           0 |    0 |   0 |  0 |    1 |   0 |       0 | SYS_TIMING_ENPT/mmcm0_clkfbout_buf                            |
+-----------+-------+-----------------+------------+-------------+-----------------+-----+-------------+------+-----+----+------+-----+---------+---------------------------------------------------------------+
* Clock Loads column represents cell count of net connects that connect to a clock pin. Internal cell leaf pins are not considered
** Non-Clock Loads column represents cell count of non-clock pin loads
*** Columns FF, LUTRAM, RAMB through 'Hard IP' represents load cell counts


26. Clock Region Cell Placement per Global Clock: Region X0Y2
-------------------------------------------------------------

+-----------+-------+-----------------+------------+-------------+-----------------+-----+-------------+------+-----+----+------+-----+---------+---------------------------------------------------------------+
| Global Id | Track | Driver Type/Pin | Constraint | Clock Loads | Non-Clock Loads | FF  | Memory LUTs | RAMB | DSP | GT | MMCM | PLL | Hard IP | Net                                                           |
+-----------+-------+-----------------+------------+-------------+-----------------+-----+-------------+------+-----+----+------+-----+---------+---------------------------------------------------------------+
| g0        | n/a   | BUFGCTRL/O      | None       |         221 |               0 | 157 |           0 |    1 |  63 |  0 |    0 |   0 |       0 | AFE0_CH_0/CLK_COM/MUX_CLK_DIV_COM/MUX_Out/BUFGMUX_CTRL_inst_0 |
| g1        | n/a   | BUFG/O          | None       |          14 |               0 |  14 |           0 |    0 |   0 |  0 |    0 |   0 |       0 | SYS_TIMING_ENPT/sys_clk125                                    |
| g7        | n/a   | BUFG/O          | None       |          25 |               0 |  24 |           0 |    1 |   0 |  0 |    0 |   0 |       0 | SYS_TIMING_ENPT/CLK                                           |
+-----------+-------+-----------------+------------+-------------+-----------------+-----+-------------+------+-----+----+------+-----+---------+---------------------------------------------------------------+
* Clock Loads column represents cell count of net connects that connect to a clock pin. Internal cell leaf pins are not considered
** Non-Clock Loads column represents cell count of non-clock pin loads
*** Columns FF, LUTRAM, RAMB through 'Hard IP' represents load cell counts


27. Clock Region Cell Placement per Global Clock: Region X1Y2
-------------------------------------------------------------

+-----------+-------+-----------------+------------+-------------+-----------------+----+-------------+------+-----+----+------+-----+---------+---------------------------------------------------------------+
| Global Id | Track | Driver Type/Pin | Constraint | Clock Loads | Non-Clock Loads | FF | Memory LUTs | RAMB | DSP | GT | MMCM | PLL | Hard IP | Net                                                           |
+-----------+-------+-----------------+------------+-------------+-----------------+----+-------------+------+-----+----+------+-----+---------+---------------------------------------------------------------+
| g0        | n/a   | BUFGCTRL/O      | None       |          64 |               0 | 36 |           0 |    0 |  28 |  0 |    0 |   0 |       0 | AFE0_CH_0/CLK_COM/MUX_CLK_DIV_COM/MUX_Out/BUFGMUX_CTRL_inst_0 |
| g13       | n/a   | BUFG/O          | None       |           1 |               0 |  0 |           0 |    0 |   0 |  0 |    1 |   0 |       0 | ETH_MOD/ETH_PHY_COM/U0/core_clocking_i/txoutclk_bufg          |
+-----------+-------+-----------------+------------+-------------+-----------------+----+-------------+------+-----+----+------+-----+---------+---------------------------------------------------------------+
* Clock Loads column represents cell count of net connects that connect to a clock pin. Internal cell leaf pins are not considered
** Non-Clock Loads column represents cell count of non-clock pin loads
*** Columns FF, LUTRAM, RAMB through 'Hard IP' represents load cell counts


28. Clock Region Cell Placement per Global Clock: Region X0Y3
-------------------------------------------------------------

+-----------+-------+-----------------+---------------+-------------+-----------------+------+-------------+------+-----+----+------+-----+---------+------------------------------------------------------------------------------------------------------+
| Global Id | Track | Driver Type/Pin | Constraint    | Clock Loads | Non-Clock Loads | FF   | Memory LUTs | RAMB | DSP | GT | MMCM | PLL | Hard IP | Net                                                                                                  |
+-----------+-------+-----------------+---------------+-------------+-----------------+------+-------------+------+-----+----+------+-----+---------+------------------------------------------------------------------------------------------------------+
| g0        | n/a   | BUFGCTRL/O      | None          |          10 |               0 |   10 |           0 |    0 |   0 |  0 |    0 |   0 |       0 | AFE0_CH_0/CLK_COM/MUX_CLK_DIV_COM/MUX_Out/BUFGMUX_CTRL_inst_0                                        |
| g1        | n/a   | BUFG/O          | None          |        2300 |               0 | 2285 |           0 |   10 |   0 |  0 |    0 |   0 |       0 | SYS_TIMING_ENPT/sys_clk125                                                                           |
| g2        | n/a   | BUFG/O          | BUFGCTRL_X0Y2 |         243 |               0 |  232 |           8 |    2 |   0 |  0 |    0 |   0 |       0 | ETH_MOD/ETH_PHY_COM/U0/core_clocking_i/userclk2                                                      |
| g3        | n/a   | BUFG/O          | None          |          15 |               0 |   15 |           0 |    0 |   0 |  0 |    0 |   0 |       0 | SYS_TIMING_ENPT/independent_clock_bufg                                                               |
| g4        | n/a   | BUFGCTRL/O      | None          |         163 |               0 |  160 |           0 |    2 |   0 |  0 |    0 |   0 |       0 | ETH_MOD/ETH_MAC_UDP_STACK_COM/eth_mac_inst/eth_mac_1g_gmii_inst/gmii_phy_if_inst/gmii_bufgmux_inst_0 |
| g6        | n/a   | BUFG/O          | None          |          12 |               0 |   12 |           0 |    0 |   0 |  0 |    0 |   0 |       0 | ETH_MOD/ETH_PHY_COM/U0/core_clocking_i/gtrefclk_bufg                                                 |
+-----------+-------+-----------------+---------------+-------------+-----------------+------+-------------+------+-----+----+------+-----+---------+------------------------------------------------------------------------------------------------------+
* Clock Loads column represents cell count of net connects that connect to a clock pin. Internal cell leaf pins are not considered
** Non-Clock Loads column represents cell count of non-clock pin loads
*** Columns FF, LUTRAM, RAMB through 'Hard IP' represents load cell counts


29. Clock Region Cell Placement per Global Clock: Region X1Y3
-------------------------------------------------------------

+-----------+-------+-----------------+------------+-------------+-----------------+----+-------------+------+-----+----+------+-----+---------+----------------------------+
| Global Id | Track | Driver Type/Pin | Constraint | Clock Loads | Non-Clock Loads | FF | Memory LUTs | RAMB | DSP | GT | MMCM | PLL | Hard IP | Net                        |
+-----------+-------+-----------------+------------+-------------+-----------------+----+-------------+------+-----+----+------+-----+---------+----------------------------+
| g1        | n/a   | BUFG/O          | None       |           1 |               0 |  1 |           0 |    0 |   0 |  0 |    0 |   0 |       0 | SYS_TIMING_ENPT/sys_clk125 |
+-----------+-------+-----------------+------------+-------------+-----------------+----+-------------+------+-----+----+------+-----+---------+----------------------------+
* Clock Loads column represents cell count of net connects that connect to a clock pin. Internal cell leaf pins are not considered
** Non-Clock Loads column represents cell count of non-clock pin loads
*** Columns FF, LUTRAM, RAMB through 'Hard IP' represents load cell counts


30. Clock Region Cell Placement per Global Clock: Region X0Y4
-------------------------------------------------------------

+-----------+-------+-----------------+---------------+-------------+-----------------+-----+-------------+------+-----+----+------+-----+---------+------------------------------------------------------+
| Global Id | Track | Driver Type/Pin | Constraint    | Clock Loads | Non-Clock Loads | FF  | Memory LUTs | RAMB | DSP | GT | MMCM | PLL | Hard IP | Net                                                  |
+-----------+-------+-----------------+---------------+-------------+-----------------+-----+-------------+------+-----+----+------+-----+---------+------------------------------------------------------+
| g2        | n/a   | BUFG/O          | BUFGCTRL_X0Y2 |         402 |               0 | 402 |           0 |    0 |   0 |  0 |    0 |   0 |       0 | ETH_MOD/ETH_PHY_COM/U0/core_clocking_i/userclk2      |
| g3        | n/a   | BUFG/O          | None          |         274 |               0 | 273 |           0 |    0 |   0 |  0 |    0 |   0 |       0 | SYS_TIMING_ENPT/independent_clock_bufg               |
| g5        | n/a   | BUFG/O          | None          |         111 |               0 | 110 |           0 |    0 |   0 |  1 |    0 |   0 |       0 | ETH_MOD/ETH_PHY_COM/U0/core_clocking_i/userclk       |
| g6        | n/a   | BUFG/O          | None          |          64 |               0 |  56 |           7 |    0 |   0 |  1 |    0 |   0 |       0 | ETH_MOD/ETH_PHY_COM/U0/core_clocking_i/gtrefclk_bufg |
+-----------+-------+-----------------+---------------+-------------+-----------------+-----+-------------+------+-----+----+------+-----+---------+------------------------------------------------------+
* Clock Loads column represents cell count of net connects that connect to a clock pin. Internal cell leaf pins are not considered
** Non-Clock Loads column represents cell count of non-clock pin loads
*** Columns FF, LUTRAM, RAMB through 'Hard IP' represents load cell counts



# Location of BUFG Primitives 
set_property LOC BUFGCTRL_X0Y0 [get_cells SYS_TIMING_ENPT/mmcm0_clk3_inst]
set_property LOC BUFGCTRL_X0Y7 [get_cells SYS_TIMING_ENPT/mmcm0_clk2_inst]
set_property LOC BUFGCTRL_X0Y4 [get_cells SYS_TIMING_ENPT/mmcm0_clkfb_inst]
set_property LOC BUFGCTRL_X0Y6 [get_cells SYS_TIMING_ENPT/mmcm0_clk1_inst]
set_property LOC BUFGCTRL_X0Y5 [get_cells SYS_TIMING_ENPT/mmcm0_clk0_inst]
set_property LOC BUFGCTRL_X0Y2 [get_cells ETH_MOD/ETH_PHY_COM/U0/core_clocking_i/bufg_userclk2]
set_property LOC BUFGCTRL_X0Y3 [get_cells ETH_MOD/ETH_PHY_COM/U0/core_clocking_i/bufg_userclk]
set_property LOC BUFGCTRL_X0Y30 [get_cells ETH_MOD/ETH_PHY_COM/U0/core_clocking_i/bufg_txoutclk]
set_property LOC BUFGCTRL_X0Y31 [get_cells ETH_MOD/ETH_PHY_COM/U0/core_clocking_i/bufg_gtrefclk]
set_property LOC BUFGCTRL_X0Y1 [get_cells ETH_MOD/ETH_MAC_UDP_STACK_COM/eth_mac_inst/eth_mac_1g_gmii_inst/gmii_phy_if_inst/gmii_bufgmux_inst]
set_property LOC BUFGCTRL_X0Y12 [get_cells AFE0_CH_0/CLK_COM/PLL_COM/BUFG_inst]
set_property LOC BUFGCTRL_X0Y11 [get_cells AFE0_CH_0/CLK_COM/MUX_CLK_DIV_COM/MUX_Out/BUFGMUX_CTRL_inst]
set_property LOC BUFGCTRL_X0Y10 [get_cells AFE0_CH_0/CLK_COM/MUX_CLK_DIV_COM/MUX_In/BUFGMUX_CTRL_inst]
set_property LOC BUFGCTRL_X0Y9 [get_cells AFE0_CH_0/CLK_COM/MUX_CLK_COM/MUX_Out/BUFGMUX_CTRL_inst]
set_property LOC BUFGCTRL_X0Y8 [get_cells AFE0_CH_0/CLK_COM/MUX_CLK_COM/MUX_In/BUFGMUX_CTRL_inst]

# Location of IO Primitives which is load of clock spine

# Location of clock ports
set_property LOC IOB_X0Y24 [get_ports afe_dclk_p[0]]
set_property LOC IPAD_X1Y44 [get_ports daq_refclk_p]
set_property LOC IOB_X1Y74 [get_ports sysclk_p]

# Clock net "SYS_TIMING_ENPT/sys_clk125" driven by instance "SYS_TIMING_ENPT/mmcm0_clk3_inst" located at site "BUFGCTRL_X0Y0"
#startgroup
create_pblock {CLKAG_SYS_TIMING_ENPT/sys_clk125}
add_cells_to_pblock [get_pblocks  {CLKAG_SYS_TIMING_ENPT/sys_clk125}] [get_cells -filter { PRIMITIVE_GROUP != I/O && IS_PRIMITIVE==1 && PRIMITIVE_LEVEL !=INTERNAL && NAME!=ETH_MOD/ETH_MAC_UDP_STACK_COM/eth_mac_inst/eth_mac_1g_gmii_inst/gmii_phy_if_inst/gmii_bufgmux_inst} -of_object [get_pins -leaf -filter {DIRECTION==IN} -of_objects [get_nets {SYS_TIMING_ENPT/sys_clk125}]]]
resize_pblock [get_pblocks {CLKAG_SYS_TIMING_ENPT/sys_clk125}] -add {CLOCKREGION_X0Y2:CLOCKREGION_X0Y2 CLOCKREGION_X0Y3:CLOCKREGION_X0Y3 CLOCKREGION_X1Y3:CLOCKREGION_X1Y3}
#endgroup

# Clock net "SYS_TIMING_ENPT/sys_clk100" driven by instance "SYS_TIMING_ENPT/mmcm0_clk2_inst" located at site "BUFGCTRL_X0Y7"
#startgroup
create_pblock {CLKAG_SYS_TIMING_ENPT/sys_clk100}
add_cells_to_pblock [get_pblocks  {CLKAG_SYS_TIMING_ENPT/sys_clk100}] [get_cells -filter { PRIMITIVE_GROUP != I/O && IS_PRIMITIVE==1 && PRIMITIVE_LEVEL !=INTERNAL } -of_object [get_pins -leaf -filter {DIRECTION==IN} -of_objects [get_nets {SYS_TIMING_ENPT/sys_clk100}]]]
resize_pblock [get_pblocks {CLKAG_SYS_TIMING_ENPT/sys_clk100}] -add {CLOCKREGION_X0Y0:CLOCKREGION_X0Y0}
#endgroup

# Clock net "SYS_TIMING_ENPT/independent_clock_bufg" driven by instance "SYS_TIMING_ENPT/mmcm0_clk1_inst" located at site "BUFGCTRL_X0Y6"
#startgroup
create_pblock {CLKAG_SYS_TIMING_ENPT/independent_clock_bufg}
add_cells_to_pblock [get_pblocks  {CLKAG_SYS_TIMING_ENPT/independent_clock_bufg}] [get_cells -filter { PRIMITIVE_GROUP != I/O && IS_PRIMITIVE==1 && PRIMITIVE_LEVEL !=INTERNAL } -of_object [get_pins -leaf -filter {DIRECTION==IN} -of_objects [get_nets {SYS_TIMING_ENPT/independent_clock_bufg}]]]
resize_pblock [get_pblocks {CLKAG_SYS_TIMING_ENPT/independent_clock_bufg}] -add {CLOCKREGION_X0Y3:CLOCKREGION_X0Y3 CLOCKREGION_X0Y4:CLOCKREGION_X0Y4}
#endgroup

# Clock net "SYS_TIMING_ENPT/CLK" driven by instance "SYS_TIMING_ENPT/mmcm0_clk0_inst" located at site "BUFGCTRL_X0Y5"
#startgroup
create_pblock {CLKAG_SYS_TIMING_ENPT/CLK}
add_cells_to_pblock [get_pblocks  {CLKAG_SYS_TIMING_ENPT/CLK}] [get_cells -filter { PRIMITIVE_GROUP != I/O && IS_PRIMITIVE==1 && PRIMITIVE_LEVEL !=INTERNAL } -of_object [get_pins -leaf -filter {DIRECTION==IN} -of_objects [get_nets {SYS_TIMING_ENPT/CLK}]]]
resize_pblock [get_pblocks {CLKAG_SYS_TIMING_ENPT/CLK}] -add {CLOCKREGION_X0Y2:CLOCKREGION_X0Y2 CLOCKREGION_X1Y1:CLOCKREGION_X1Y1}
#endgroup

# Clock net "ETH_MOD/ETH_PHY_COM/U0/core_clocking_i/userclk2" driven by instance "ETH_MOD/ETH_PHY_COM/U0/core_clocking_i/bufg_userclk2" located at site "BUFGCTRL_X0Y2"
#startgroup
create_pblock {CLKAG_ETH_MOD/ETH_PHY_COM/U0/core_clocking_i/userclk2}
add_cells_to_pblock [get_pblocks  {CLKAG_ETH_MOD/ETH_PHY_COM/U0/core_clocking_i/userclk2}] [get_cells -filter { PRIMITIVE_GROUP != I/O && IS_PRIMITIVE==1 && PRIMITIVE_LEVEL !=INTERNAL && NAME!=ETH_MOD/ETH_MAC_UDP_STACK_COM/eth_mac_inst/eth_mac_1g_gmii_inst/gmii_phy_if_inst/gmii_bufgmux_inst} -of_object [get_pins -leaf -filter {DIRECTION==IN} -of_objects [get_nets {ETH_MOD/ETH_PHY_COM/U0/core_clocking_i/userclk2}]]]
resize_pblock [get_pblocks {CLKAG_ETH_MOD/ETH_PHY_COM/U0/core_clocking_i/userclk2}] -add {CLOCKREGION_X0Y3:CLOCKREGION_X0Y3 CLOCKREGION_X0Y4:CLOCKREGION_X0Y4}
#endgroup

# Clock net "ETH_MOD/ETH_PHY_COM/U0/core_clocking_i/userclk" driven by instance "ETH_MOD/ETH_PHY_COM/U0/core_clocking_i/bufg_userclk" located at site "BUFGCTRL_X0Y3"
#startgroup
create_pblock {CLKAG_ETH_MOD/ETH_PHY_COM/U0/core_clocking_i/userclk}
add_cells_to_pblock [get_pblocks  {CLKAG_ETH_MOD/ETH_PHY_COM/U0/core_clocking_i/userclk}] [get_cells -filter { PRIMITIVE_GROUP != I/O && IS_PRIMITIVE==1 && PRIMITIVE_LEVEL !=INTERNAL } -of_object [get_pins -leaf -filter {DIRECTION==IN} -of_objects [get_nets {ETH_MOD/ETH_PHY_COM/U0/core_clocking_i/userclk}]]]
resize_pblock [get_pblocks {CLKAG_ETH_MOD/ETH_PHY_COM/U0/core_clocking_i/userclk}] -add {CLOCKREGION_X0Y4:CLOCKREGION_X0Y4}
#endgroup

# Clock net "ETH_MOD/ETH_PHY_COM/U0/core_clocking_i/gtrefclk_bufg" driven by instance "ETH_MOD/ETH_PHY_COM/U0/core_clocking_i/bufg_gtrefclk" located at site "BUFGCTRL_X0Y31"
#startgroup
create_pblock {CLKAG_ETH_MOD/ETH_PHY_COM/U0/core_clocking_i/gtrefclk_bufg}
add_cells_to_pblock [get_pblocks  {CLKAG_ETH_MOD/ETH_PHY_COM/U0/core_clocking_i/gtrefclk_bufg}] [get_cells -filter { PRIMITIVE_GROUP != I/O && IS_PRIMITIVE==1 && PRIMITIVE_LEVEL !=INTERNAL } -of_object [get_pins -leaf -filter {DIRECTION==IN} -of_objects [get_nets {ETH_MOD/ETH_PHY_COM/U0/core_clocking_i/gtrefclk_bufg}]]]
resize_pblock [get_pblocks {CLKAG_ETH_MOD/ETH_PHY_COM/U0/core_clocking_i/gtrefclk_bufg}] -add {CLOCKREGION_X0Y3:CLOCKREGION_X0Y3 CLOCKREGION_X0Y4:CLOCKREGION_X0Y4}
#endgroup

# Clock net "ETH_MOD/ETH_MAC_UDP_STACK_COM/eth_mac_inst/eth_mac_1g_gmii_inst/gmii_phy_if_inst/gmii_bufgmux_inst_0" driven by instance "ETH_MOD/ETH_MAC_UDP_STACK_COM/eth_mac_inst/eth_mac_1g_gmii_inst/gmii_phy_if_inst/gmii_bufgmux_inst" located at site "BUFGCTRL_X0Y1"
#startgroup
create_pblock {CLKAG_ETH_MOD/ETH_MAC_UDP_STACK_COM/eth_mac_inst/eth_mac_1g_gmii_inst/gmii_phy_if_inst/gmii_bufgmux_inst_0}
add_cells_to_pblock [get_pblocks  {CLKAG_ETH_MOD/ETH_MAC_UDP_STACK_COM/eth_mac_inst/eth_mac_1g_gmii_inst/gmii_phy_if_inst/gmii_bufgmux_inst_0}] [get_cells -filter { PRIMITIVE_GROUP != I/O && IS_PRIMITIVE==1 && PRIMITIVE_LEVEL !=INTERNAL } -of_object [get_pins -leaf -filter {DIRECTION==IN} -of_objects [get_nets {ETH_MOD/ETH_MAC_UDP_STACK_COM/eth_mac_inst/eth_mac_1g_gmii_inst/gmii_phy_if_inst/gmii_bufgmux_inst_0}]]]
resize_pblock [get_pblocks {CLKAG_ETH_MOD/ETH_MAC_UDP_STACK_COM/eth_mac_inst/eth_mac_1g_gmii_inst/gmii_phy_if_inst/gmii_bufgmux_inst_0}] -add {CLOCKREGION_X0Y3:CLOCKREGION_X0Y3}
#endgroup

# Clock net "AFE0_CH_0/CLK_COM/MUX_CLK_DIV_COM/MUX_Out/BUFGMUX_CTRL_inst_0" driven by instance "AFE0_CH_0/CLK_COM/MUX_CLK_DIV_COM/MUX_Out/BUFGMUX_CTRL_inst" located at site "BUFGCTRL_X0Y11"
#startgroup
create_pblock {CLKAG_AFE0_CH_0/CLK_COM/MUX_CLK_DIV_COM/MUX_Out/BUFGMUX_CTRL_inst_0}
add_cells_to_pblock [get_pblocks  {CLKAG_AFE0_CH_0/CLK_COM/MUX_CLK_DIV_COM/MUX_Out/BUFGMUX_CTRL_inst_0}] [get_cells -filter { PRIMITIVE_GROUP != I/O && IS_PRIMITIVE==1 && PRIMITIVE_LEVEL !=INTERNAL } -of_object [get_pins -leaf -filter {DIRECTION==IN} -of_objects [get_nets {AFE0_CH_0/CLK_COM/MUX_CLK_DIV_COM/MUX_Out/BUFGMUX_CTRL_inst_0}]]]
resize_pblock [get_pblocks {CLKAG_AFE0_CH_0/CLK_COM/MUX_CLK_DIV_COM/MUX_Out/BUFGMUX_CTRL_inst_0}] -add {CLOCKREGION_X0Y0:CLOCKREGION_X0Y0 CLOCKREGION_X0Y1:CLOCKREGION_X0Y1 CLOCKREGION_X0Y2:CLOCKREGION_X0Y2 CLOCKREGION_X0Y3:CLOCKREGION_X0Y3 CLOCKREGION_X1Y0:CLOCKREGION_X1Y0 CLOCKREGION_X1Y1:CLOCKREGION_X1Y1 CLOCKREGION_X1Y2:CLOCKREGION_X1Y2}
#endgroup

# Clock net "AFE0_CH_0/CLK_COM/MUX_CLK_COM/MUX_Out/clk" driven by instance "AFE0_CH_0/CLK_COM/MUX_CLK_COM/MUX_Out/BUFGMUX_CTRL_inst" located at site "BUFGCTRL_X0Y9"
#startgroup
create_pblock {CLKAG_AFE0_CH_0/CLK_COM/MUX_CLK_COM/MUX_Out/clk}
add_cells_to_pblock [get_pblocks  {CLKAG_AFE0_CH_0/CLK_COM/MUX_CLK_COM/MUX_Out/clk}] [get_cells -filter { PRIMITIVE_GROUP != I/O && IS_PRIMITIVE==1 && PRIMITIVE_LEVEL !=INTERNAL } -of_object [get_pins -leaf -filter {DIRECTION==IN} -of_objects [get_nets {AFE0_CH_0/CLK_COM/MUX_CLK_COM/MUX_Out/clk}]]]
resize_pblock [get_pblocks {CLKAG_AFE0_CH_0/CLK_COM/MUX_CLK_COM/MUX_Out/clk}] -add {CLOCKREGION_X0Y0:CLOCKREGION_X0Y0}
#endgroup
